Component: Arm Compiler for Embedded 6.24 Tool: armlink [5f371500]

==============================================================================

Section Cross References

    gd32f30x_it.o(.ARM.exidx.text.NMI_Handler) refers to gd32f30x_it.o(.text.NMI_Handler) for [Anonymous Symbol]
    gd32f30x_it.o(.ARM.exidx.text.HardFault_Handler) refers to gd32f30x_it.o(.text.HardFault_Handler) for [Anonymous Symbol]
    gd32f30x_it.o(.ARM.exidx.text.MemManage_Handler) refers to gd32f30x_it.o(.text.MemManage_Handler) for [Anonymous Symbol]
    gd32f30x_it.o(.ARM.exidx.text.BusFault_Handler) refers to gd32f30x_it.o(.text.BusFault_Handler) for [Anonymous Symbol]
    gd32f30x_it.o(.ARM.exidx.text.UsageFault_Handler) refers to gd32f30x_it.o(.text.UsageFault_Handler) for [Anonymous Symbol]
    gd32f30x_it.o(.ARM.exidx.text.SVC_Handler) refers to gd32f30x_it.o(.text.SVC_Handler) for [Anonymous Symbol]
    gd32f30x_it.o(.ARM.exidx.text.DebugMon_Handler) refers to gd32f30x_it.o(.text.DebugMon_Handler) for [Anonymous Symbol]
    gd32f30x_it.o(.ARM.exidx.text.PendSV_Handler) refers to gd32f30x_it.o(.text.PendSV_Handler) for [Anonymous Symbol]
    gd32f30x_it.o(.text.SysTick_Handler) refers to systick.o(.text.delay_decrement) for delay_decrement
    gd32f30x_it.o(.ARM.exidx.text.SysTick_Handler) refers to gd32f30x_it.o(.text.SysTick_Handler) for [Anonymous Symbol]
    main.o(.text.main) refers to gd32f30x_rcu.o(.text.rcu_periph_clock_enable) for rcu_periph_clock_enable
    main.o(.text.main) refers to gd32f30x_gpio.o(.text.gpio_init) for gpio_init
    main.o(.text.main) refers to gd32f30x_usart.o(.text.usart_deinit) for usart_deinit
    main.o(.text.main) refers to gd32f30x_usart.o(.text.usart_baudrate_set) for usart_baudrate_set
    main.o(.text.main) refers to gd32f30x_usart.o(.text.usart_word_length_set) for usart_word_length_set
    main.o(.text.main) refers to gd32f30x_usart.o(.text.usart_stop_bit_set) for usart_stop_bit_set
    main.o(.text.main) refers to gd32f30x_usart.o(.text.usart_parity_config) for usart_parity_config
    main.o(.text.main) refers to gd32f30x_usart.o(.text.usart_receive_config) for usart_receive_config
    main.o(.text.main) refers to gd32f30x_usart.o(.text.usart_transmit_config) for usart_transmit_config
    main.o(.text.main) refers to gd32f30x_usart.o(.text.usart_enable) for usart_enable
    main.o(.text.main) refers to main.o(.rodata.str1.1) for .L.str
    main.o(.text.main) refers to gd32f30x_usart.o(.text.usart_flag_get) for usart_flag_get
    main.o(.text.main) refers to gd32f30x_usart.o(.text.usart_data_transmit) for usart_data_transmit
    main.o(.text.main) refers to gd32f30x_gpio.o(.text.gpio_bit_set) for gpio_bit_set
    main.o(.text.main) refers to gd32f30x_spi.o(.text.spi_struct_para_init) for spi_struct_para_init
    main.o(.text.main) refers to gd32f30x_spi.o(.text.spi_init) for spi_init
    main.o(.text.main) refers to gd32f30x_spi.o(.text.spi_enable) for spi_enable
    main.o(.text.main) refers to gd32f30x_gpio.o(.text.gpio_bit_reset) for gpio_bit_reset
    main.o(.text.main) refers to main.o(.text.lcd_cmd) for lcd_cmd
    main.o(.text.main) refers to main.o(.text.lcd_dataN) for lcd_dataN
    main.o(.text.main) refers to main.o(.text.lcd_data1) for lcd_data1
    main.o(.text.main) refers to main.o(.text.fill_screen) for fill_screen
    main.o(.ARM.exidx.text.main) refers to main.o(.text.main) for [Anonymous Symbol]
    main.o(.text.fill_screen) refers to main.o(.text.lcd_cmd) for lcd_cmd
    main.o(.text.fill_screen) refers to main.o(.text.lcd_dataN) for lcd_dataN
    main.o(.text.fill_screen) refers to gd32f30x_gpio.o(.text.gpio_bit_reset) for gpio_bit_reset
    main.o(.text.fill_screen) refers to gd32f30x_gpio.o(.text.gpio_bit_set) for gpio_bit_set
    main.o(.text.fill_screen) refers to gd32f30x_spi.o(.text.spi_i2s_flag_get) for spi_i2s_flag_get
    main.o(.text.fill_screen) refers to gd32f30x_spi.o(.text.spi_i2s_data_transmit) for spi_i2s_data_transmit
    main.o(.ARM.exidx.text.fill_screen) refers to main.o(.text.fill_screen) for [Anonymous Symbol]
    main.o(.text.lcd_cmd) refers to gd32f30x_gpio.o(.text.gpio_bit_reset) for gpio_bit_reset
    main.o(.text.lcd_cmd) refers to gd32f30x_spi.o(.text.spi_i2s_flag_get) for spi_i2s_flag_get
    main.o(.text.lcd_cmd) refers to gd32f30x_spi.o(.text.spi_i2s_data_transmit) for spi_i2s_data_transmit
    main.o(.text.lcd_cmd) refers to gd32f30x_gpio.o(.text.gpio_bit_set) for gpio_bit_set
    main.o(.ARM.exidx.text.lcd_cmd) refers to main.o(.text.lcd_cmd) for [Anonymous Symbol]
    main.o(.text.lcd_dataN) refers to gd32f30x_gpio.o(.text.gpio_bit_reset) for gpio_bit_reset
    main.o(.text.lcd_dataN) refers to gd32f30x_gpio.o(.text.gpio_bit_set) for gpio_bit_set
    main.o(.text.lcd_dataN) refers to gd32f30x_spi.o(.text.spi_i2s_flag_get) for spi_i2s_flag_get
    main.o(.text.lcd_dataN) refers to gd32f30x_spi.o(.text.spi_i2s_data_transmit) for spi_i2s_data_transmit
[...]
    Removing gd32f30x_rtc.o(.text.rtc_counter_set), (34 bytes).
    Removing gd32f30x_rtc.o(.ARM.exidx.text.rtc_counter_set), (8 bytes).
    Removing gd32f30x_rtc.o(.text.rtc_prescaler_set), (36 bytes).
    Removing gd32f30x_rtc.o(.ARM.exidx.text.rtc_prescaler_set), (8 bytes).
    Removing gd32f30x_rtc.o(.text.rtc_alarm_config), (34 bytes).
    Removing gd32f30x_rtc.o(.ARM.exidx.text.rtc_alarm_config), (8 bytes).
    Removing gd32f30x_rtc.o(.text.rtc_divider_get), (22 bytes).
    Removing gd32f30x_rtc.o(.ARM.exidx.text.rtc_divider_get), (8 bytes).
    Removing gd32f30x_rtc.o(.text.rtc_flag_get), (18 bytes).
    Removing gd32f30x_rtc.o(.ARM.exidx.text.rtc_flag_get), (8 bytes).
    Removing gd32f30x_rtc.o(.text.rtc_flag_clear), (18 bytes).
    Removing gd32f30x_rtc.o(.ARM.exidx.text.rtc_flag_clear), (8 bytes).
    Removing gd32f30x_sdio.o(.text), (0 bytes).
    Removing gd32f30x_sdio.o(.text.sdio_deinit), (30 bytes).
    Removing gd32f30x_sdio.o(.ARM.exidx.text.sdio_deinit), (8 bytes).
    Removing gd32f30x_sdio.o(.text.sdio_clock_config), (54 bytes).
    Removing gd32f30x_sdio.o(.ARM.exidx.text.sdio_clock_config), (8 bytes).
    Removing gd32f30x_sdio.o(.text.sdio_hardware_clock_enable), (18 bytes).
    Removing gd32f30x_sdio.o(.ARM.exidx.text.sdio_hardware_clock_enable), (8 bytes).
    Removing gd32f30x_sdio.o(.text.sdio_hardware_clock_disable), (18 bytes).
    Removing gd32f30x_sdio.o(.ARM.exidx.text.sdio_hardware_clock_disable), (8 bytes).
    Removing gd32f30x_sdio.o(.text.sdio_bus_mode_set), (24 bytes).
    Removing gd32f30x_sdio.o(.ARM.exidx.text.sdio_bus_mode_set), (8 bytes).
    Removing gd32f30x_sdio.o(.text.sdio_power_state_set), (12 bytes).
    Removing gd32f30x_sdio.o(.ARM.exidx.text.sdio_power_state_set), (8 bytes).
    Removing gd32f30x_sdio.o(.text.sdio_power_state_get), (12 bytes).
    Removing gd32f30x_sdio.o(.ARM.exidx.text.sdio_power_state_get), (8 bytes).
    Removing gd32f30x_sdio.o(.text.sdio_clock_enable), (18 bytes).
    Removing gd32f30x_sdio.o(.ARM.exidx.text.sdio_clock_enable), (8 bytes).
    Removing gd32f30x_sdio.o(.text.sdio_clock_disable), (18 bytes).
    Removing gd32f30x_sdio.o(.ARM.exidx.text.sdio_clock_disable), (8 bytes).
    Removing gd32f30x_sdio.o(.text.sdio_command_response_config), (54 bytes).
    Removing gd32f30x_sdio.o(.ARM.exidx.text.sdio_command_response_config), (8 bytes).
    Removing gd32f30x_sdio.o(.text.sdio_wait_type_set), (24 bytes).
    Removing gd32f30x_sdio.o(.ARM.exidx.text.sdio_wait_type_set), (8 bytes).
    Removing gd32f30x_sdio.o(.text.sdio_csm_enable), (18 bytes).
    Removing gd32f30x_sdio.o(.ARM.exidx.text.sdio_csm_enable), (8 bytes).
    Removing gd32f30x_sdio.o(.text.sdio_csm_disable), (18 bytes).
    Removing gd32f30x_sdio.o(.ARM.exidx.text.sdio_csm_disable), (8 bytes).
    Removing gd32f30x_sdio.o(.text.sdio_command_index_get), (14 bytes).
    Removing gd32f30x_sdio.o(.ARM.exidx.text.sdio_command_index_get), (8 bytes).
    Removing gd32f30x_sdio.o(.text.sdio_response_get), (64 bytes).
    Removing gd32f30x_sdio.o(.ARM.exidx.text.sdio_response_get), (8 bytes).
    Removing gd32f30x_sdio.o(.text.sdio_data_config), (62 bytes).
    Removing gd32f30x_sdio.o(.ARM.exidx.text.sdio_data_config), (8 bytes).
    Removing gd32f30x_sdio.o(.text.sdio_data_transfer_config), (22 bytes).
    Removing gd32f30x_sdio.o(.ARM.exidx.text.sdio_data_transfer_config), (8 bytes).
    Removing gd32f30x_sdio.o(.text.sdio_dsm_enable), (18 bytes).
    Removing gd32f30x_sdio.o(.ARM.exidx.text.sdio_dsm_enable), (8 bytes).
    Removing gd32f30x_sdio.o(.text.sdio_dsm_disable), (18 bytes).
    Removing gd32f30x_sdio.o(.ARM.exidx.text.sdio_dsm_disable), (8 bytes).
    Removing gd32f30x_sdio.o(.text.sdio_data_write), (12 bytes).
    Removing gd32f30x_sdio.o(.ARM.exidx.text.sdio_data_write), (8 bytes).
    Removing gd32f30x_sdio.o(.text.sdio_data_read), (12 bytes).
    Removing gd32f30x_sdio.o(.ARM.exidx.text.sdio_data_read), (8 bytes).
    Removing gd32f30x_sdio.o(.text.sdio_data_counter_get), (12 bytes).
    Removing gd32f30x_sdio.o(.ARM.exidx.text.sdio_data_counter_get), (8 bytes).
    Removing gd32f30x_sdio.o(.text.sdio_fifo_counter_get), (12 bytes).
    Removing gd32f30x_sdio.o(.ARM.exidx.text.sdio_fifo_counter_get), (8 bytes).
    Removing gd32f30x_sdio.o(.text.sdio_dma_enable), (18 bytes).
    Removing gd32f30x_sdio.o(.ARM.exidx.text.sdio_dma_enable), (8 bytes).
    Removing gd32f30x_sdio.o(.text.sdio_dma_disable), (18 bytes).
    Removing gd32f30x_sdio.o(.ARM.exidx.text.sdio_dma_disable), (8 bytes).
    Removing gd32f30x_sdio.o(.text.sdio_flag_get), (18 bytes).
    Removing gd32f30x_sdio.o(.ARM.exidx.text.sdio_flag_get), (8 bytes).
    Removing gd32f30x_sdio.o(.text.sdio_flag_clear), (12 bytes).
    Removing gd32f30x_sdio.o(.ARM.exidx.text.sdio_flag_clear), (8 bytes).
    Removing gd32f30x_sdio.o(.text.sdio_interrupt_enable), (16 bytes).
    Removing gd32f30x_sdio.o(.ARM.exidx.text.sdio_interrupt_enable), (8 bytes).
    Removing gd32f30x_sdio.o(.text.sdio_interrupt_disable), (18 bytes).
    Removing gd32f30x_sdio.o(.ARM.exidx.text.sdio_interrupt_disable), (8 bytes).
    Removing gd32f30x_sdio.o(.text.sdio_interrupt_flag_get), (18 bytes).
    Removing gd32f30x_sdio.o(.ARM.exidx.text.sdio_interrupt_flag_get), (8 bytes).
    Removing gd32f30x_sdio.o(.text.sdio_interrupt_flag_clear), (12 bytes).
    Removing gd32f30x_sdio.o(.ARM.exidx.text.sdio_interrupt_flag_clear), (8 bytes).
    Removing gd32f30x_sdio.o(.text.sdio_readwait_enable), (18 bytes).
    Removing gd32f30x_sdio.o(.ARM.exidx.text.sdio_readwait_enable), (8 bytes).
    Removing gd32f30x_sdio.o(.text.sdio_readwait_disable), (18 bytes).
    Removing gd32f30x_sdio.o(.ARM.exidx.text.sdio_readwait_disable), (8 bytes).
    Removing gd32f30x_sdio.o(.text.sdio_stop_readwait_enable), (18 bytes).
    Removing gd32f30x_sdio.o(.ARM.exidx.text.sdio_stop_readwait_enable), (8 bytes).
    Removing gd32f30x_sdio.o(.text.sdio_stop_readwait_disable), (18 bytes).
    Removing gd32f30x_sdio.o(.ARM.exidx.text.sdio_stop_readwait_disable), (8 bytes).
    Removing gd32f30x_sdio.o(.text.sdio_readwait_type_set), (28 bytes).
    Removing gd32f30x_sdio.o(.ARM.exidx.text.sdio_readwait_type_set), (8 bytes).
    Removing gd32f30x_sdio.o(.text.sdio_operation_enable), (18 bytes).
    Removing gd32f30x_sdio.o(.ARM.exidx.text.sdio_operation_enable), (8 bytes).
    Removing gd32f30x_sdio.o(.text.sdio_operation_disable), (18 bytes).
    Removing gd32f30x_sdio.o(.ARM.exidx.text.sdio_operation_disable), (8 bytes).
    Removing gd32f30x_sdio.o(.text.sdio_suspend_enable), (18 bytes).
    Removing gd32f30x_sdio.o(.ARM.exidx.text.sdio_suspend_enable), (8 bytes).
    Removing gd32f30x_sdio.o(.text.sdio_suspend_disable), (18 bytes).
    Removing gd32f30x_sdio.o(.ARM.exidx.text.sdio_suspend_disable), (8 bytes).
    Removing gd32f30x_sdio.o(.text.sdio_ceata_command_enable), (18 bytes).
    Removing gd32f30x_sdio.o(.ARM.exidx.text.sdio_ceata_command_enable), (8 bytes).
    Removing gd32f30x_sdio.o(.text.sdio_ceata_command_disable), (18 bytes).
    Removing gd32f30x_sdio.o(.ARM.exidx.text.sdio_ceata_command_disable), (8 bytes).
    Removing gd32f30x_sdio.o(.text.sdio_ceata_interrupt_enable), (18 bytes).
    Removing gd32f30x_sdio.o(.ARM.exidx.text.sdio_ceata_interrupt_enable), (8 bytes).
    Removing gd32f30x_sdio.o(.text.sdio_ceata_interrupt_disable), (18 bytes).
    Removing gd32f30x_sdio.o(.ARM.exidx.text.sdio_ceata_interrupt_disable), (8 bytes).
    Removing gd32f30x_sdio.o(.text.sdio_ceata_command_completion_enable), (18 bytes).
    Removing gd32f30x_sdio.o(.ARM.exidx.text.sdio_ceata_command_completion_enable), (8 bytes).
    Removing gd32f30x_sdio.o(.text.sdio_ceata_command_completion_disable), (18 bytes).
    Removing gd32f30x_sdio.o(.ARM.exidx.text.sdio_ceata_command_completion_disable), (8 bytes).
    Removing gd32f30x_spi.o(.text), (0 bytes).
    Removing gd32f30x_spi.o(.text.spi_i2s_deinit), (72 bytes).
    Removing gd32f30x_spi.o(.ARM.exidx.text.spi_i2s_deinit), (8 bytes).
    Removing gd32f30x_spi.o(.ARM.exidx.text.spi_struct_para_init), (8 bytes).
    Removing gd32f30x_spi.o(.ARM.exidx.text.spi_init), (8 bytes).
    Removing gd32f30x_spi.o(.ARM.exidx.text.spi_enable), (8 bytes).
    Removing gd32f30x_spi.o(.text.spi_disable), (10 bytes).
    Removing gd32f30x_spi.o(.ARM.exidx.text.spi_disable), (8 bytes).
    Removing gd32f30x_spi.o(.text.i2s_init), (30 bytes).
    Removing gd32f30x_spi.o(.ARM.exidx.text.i2s_init), (8 bytes).
    Removing gd32f30x_spi.o(.text.i2s_psc_config), (122 bytes).
    Removing gd32f30x_spi.o(.ARM.exidx.text.i2s_psc_config), (8 bytes).
    Removing gd32f30x_spi.o(.text.i2s_enable), (10 bytes).
    Removing gd32f30x_spi.o(.ARM.exidx.text.i2s_enable), (8 bytes).
    Removing gd32f30x_spi.o(.text.i2s_disable), (10 bytes).
    Removing gd32f30x_spi.o(.ARM.exidx.text.i2s_disable), (8 bytes).
    Removing gd32f30x_spi.o(.text.spi_nss_output_enable), (10 bytes).
    Removing gd32f30x_spi.o(.ARM.exidx.text.spi_nss_output_enable), (8 bytes).
    Removing gd32f30x_spi.o(.text.spi_nss_output_disable), (10 bytes).
    Removing gd32f30x_spi.o(.ARM.exidx.text.spi_nss_output_disable), (8 bytes).
    Removing gd32f30x_spi.o(.text.spi_nss_internal_high), (10 bytes).
    Removing gd32f30x_spi.o(.ARM.exidx.text.spi_nss_internal_high), (8 bytes).
    Removing gd32f30x_spi.o(.text.spi_nss_internal_low), (10 bytes).
    Removing gd32f30x_spi.o(.ARM.exidx.text.spi_nss_internal_low), (8 bytes).
    Removing gd32f30x_spi.o(.text.spi_dma_enable), (18 bytes).
    Removing gd32f30x_spi.o(.ARM.exidx.text.spi_dma_enable), (8 bytes).
    Removing gd32f30x_spi.o(.text.spi_dma_disable), (22 bytes).
    Removing gd32f30x_spi.o(.ARM.exidx.text.spi_dma_disable), (8 bytes).
    Removing gd32f30x_spi.o(.text.spi_i2s_data_frame_format_config), (16 bytes).
    Removing gd32f30x_spi.o(.ARM.exidx.text.spi_i2s_data_frame_format_config), (8 bytes).
    Removing gd32f30x_spi.o(.ARM.exidx.text.spi_i2s_data_transmit), (8 bytes).
    Removing gd32f30x_spi.o(.text.spi_i2s_data_receive), (6 bytes).
    Removing gd32f30x_spi.o(.ARM.exidx.text.spi_i2s_data_receive), (8 bytes).
    Removing gd32f30x_spi.o(.text.spi_bidirectional_transfer_config), (20 bytes).
    Removing gd32f30x_spi.o(.ARM.exidx.text.spi_bidirectional_transfer_config), (8 bytes).
    Removing gd32f30x_spi.o(.text.spi_i2s_format_error_clear), (6 bytes).
    Removing gd32f30x_spi.o(.ARM.exidx.text.spi_i2s_format_error_clear), (8 bytes).
    Removing gd32f30x_spi.o(.text.spi_crc_polynomial_set), (4 bytes).
    Removing gd32f30x_spi.o(.ARM.exidx.text.spi_crc_polynomial_set), (8 bytes).
    Removing gd32f30x_spi.o(.text.spi_crc_polynomial_get), (6 bytes).
    Removing gd32f30x_spi.o(.ARM.exidx.text.spi_crc_polynomial_get), (8 bytes).
    Removing gd32f30x_spi.o(.text.spi_crc_on), (10 bytes).
    Removing gd32f30x_spi.o(.ARM.exidx.text.spi_crc_on), (8 bytes).
    Removing gd32f30x_spi.o(.text.spi_crc_off), (10 bytes).
    Removing gd32f30x_spi.o(.ARM.exidx.text.spi_crc_off), (8 bytes).
    Removing gd32f30x_spi.o(.text.spi_crc_next), (10 bytes).
    Removing gd32f30x_spi.o(.ARM.exidx.text.spi_crc_next), (8 bytes).
    Removing gd32f30x_spi.o(.text.spi_crc_get), (14 bytes).
    Removing gd32f30x_spi.o(.ARM.exidx.text.spi_crc_get), (8 bytes).
    Removing gd32f30x_spi.o(.text.spi_crc_error_clear), (8 bytes).
    Removing gd32f30x_spi.o(.ARM.exidx.text.spi_crc_error_clear), (8 bytes).
    Removing gd32f30x_spi.o(.text.spi_ti_mode_enable), (10 bytes).
    Removing gd32f30x_spi.o(.ARM.exidx.text.spi_ti_mode_enable), (8 bytes).
    Removing gd32f30x_spi.o(.text.spi_ti_mode_disable), (10 bytes).
    Removing gd32f30x_spi.o(.ARM.exidx.text.spi_ti_mode_disable), (8 bytes).
    Removing gd32f30x_spi.o(.text.spi_nssp_mode_enable), (10 bytes).
    Removing gd32f30x_spi.o(.ARM.exidx.text.spi_nssp_mode_enable), (8 bytes).
    Removing gd32f30x_spi.o(.text.spi_nssp_mode_disable), (10 bytes).
    Removing gd32f30x_spi.o(.ARM.exidx.text.spi_nssp_mode_disable), (8 bytes).
    Removing gd32f30x_spi.o(.text.spi_quad_enable), (14 bytes).
    Removing gd32f30x_spi.o(.ARM.exidx.text.spi_quad_enable), (8 bytes).
    Removing gd32f30x_spi.o(.text.spi_quad_disable), (14 bytes).
    Removing gd32f30x_spi.o(.ARM.exidx.text.spi_quad_disable), (8 bytes).
    Removing gd32f30x_spi.o(.text.spi_quad_write_enable), (14 bytes).
    Removing gd32f30x_spi.o(.ARM.exidx.text.spi_quad_write_enable), (8 bytes).
    Removing gd32f30x_spi.o(.text.spi_quad_read_enable), (14 bytes).
    Removing gd32f30x_spi.o(.ARM.exidx.text.spi_quad_read_enable), (8 bytes).
    Removing gd32f30x_spi.o(.text.spi_quad_io23_output_enable), (14 bytes).
    Removing gd32f30x_spi.o(.ARM.exidx.text.spi_quad_io23_output_enable), (8 bytes).
    Removing gd32f30x_spi.o(.text.spi_quad_io23_output_disable), (14 bytes).
    Removing gd32f30x_spi.o(.ARM.exidx.text.spi_quad_io23_output_disable), (8 bytes).
    Removing gd32f30x_spi.o(.text.spi_i2s_interrupt_enable), (32 bytes).
    Removing gd32f30x_spi.o(.ARM.exidx.text.spi_i2s_interrupt_enable), (8 bytes).
    Removing gd32f30x_spi.o(.text.spi_i2s_interrupt_disable), (32 bytes).
    Removing gd32f30x_spi.o(.ARM.exidx.text.spi_i2s_interrupt_disable), (8 bytes).
    Removing gd32f30x_spi.o(.text.spi_i2s_interrupt_flag_get), (88 bytes).
    Removing gd32f30x_spi.o(.ARM.exidx.text.spi_i2s_interrupt_flag_get), (8 bytes).
    Removing gd32f30x_spi.o(.ARM.exidx.text.spi_i2s_flag_get), (8 bytes).
    Removing gd32f30x_timer.o(.text), (0 bytes).
    Removing gd32f30x_timer.o(.text.timer_deinit), (194 bytes).
    Removing gd32f30x_timer.o(.ARM.exidx.text.timer_deinit), (8 bytes).
    Removing gd32f30x_timer.o(.text.timer_struct_para_init), (16 bytes).
    Removing gd32f30x_timer.o(.ARM.exidx.text.timer_struct_para_init), (8 bytes).
    Removing gd32f30x_timer.o(.text.timer_init), (184 bytes).
    Removing gd32f30x_timer.o(.ARM.exidx.text.timer_init), (8 bytes).
    Removing gd32f30x_timer.o(.text.timer_enable), (10 bytes).
    Removing gd32f30x_timer.o(.ARM.exidx.text.timer_enable), (8 bytes).
    Removing gd32f30x_timer.o(.text.timer_disable), (10 bytes).
    Removing gd32f30x_timer.o(.ARM.exidx.text.timer_disable), (8 bytes).
    Removing gd32f30x_timer.o(.text.timer_auto_reload_shadow_enable), (10 bytes).
    Removing gd32f30x_timer.o(.ARM.exidx.text.timer_auto_reload_shadow_enable), (8 bytes).
    Removing gd32f30x_timer.o(.text.timer_auto_reload_shadow_disable), (10 bytes).
    Removing gd32f30x_timer.o(.ARM.exidx.text.timer_auto_reload_shadow_disable), (8 bytes).
    Removing gd32f30x_timer.o(.text.timer_update_event_enable), (10 bytes).
    Removing gd32f30x_timer.o(.ARM.exidx.text.timer_update_event_enable), (8 bytes).
    Removing gd32f30x_timer.o(.text.timer_update_event_disable), (10 bytes).
    Removing gd32f30x_timer.o(.ARM.exidx.text.timer_update_event_disable), (8 bytes).
    Removing gd32f30x_timer.o(.text.timer_counter_alignment), (16 bytes).
    Removing gd32f30x_timer.o(.ARM.exidx.text.timer_counter_alignment), (8 bytes).
    Removing gd32f30x_timer.o(.text.timer_counter_up_direction), (10 bytes).
    Removing gd32f30x_timer.o(.ARM.exidx.text.timer_counter_up_direction), (8 bytes).
    Removing gd32f30x_timer.o(.text.timer_counter_down_direction), (10 bytes).
    Removing gd32f30x_timer.o(.ARM.exidx.text.timer_counter_down_direction), (8 bytes).
    Removing gd32f30x_timer.o(.text.timer_prescaler_config), (18 bytes).
    Removing gd32f30x_timer.o(.ARM.exidx.text.timer_prescaler_config), (8 bytes).
    Removing gd32f30x_timer.o(.text.timer_repetition_value_config), (4 bytes).
    Removing gd32f30x_timer.o(.ARM.exidx.text.timer_repetition_value_config), (8 bytes).
    Removing gd32f30x_timer.o(.text.timer_autoreload_value_config), (4 bytes).
    Removing gd32f30x_timer.o(.ARM.exidx.text.timer_autoreload_value_config), (8 bytes).
    Removing gd32f30x_timer.o(.text.timer_counter_value_config), (4 bytes).
    Removing gd32f30x_timer.o(.ARM.exidx.text.timer_counter_value_config), (8 bytes).
    Removing gd32f30x_timer.o(.text.timer_counter_read), (4 bytes).
    Removing gd32f30x_timer.o(.ARM.exidx.text.timer_counter_read), (8 bytes).
    Removing gd32f30x_timer.o(.text.timer_prescaler_read), (6 bytes).
    Removing gd32f30x_timer.o(.ARM.exidx.text.timer_prescaler_read), (8 bytes).
    Removing gd32f30x_timer.o(.text.timer_single_pulse_mode_config), (30 bytes).
    Removing gd32f30x_timer.o(.ARM.exidx.text.timer_single_pulse_mode_config), (8 bytes).
    Removing gd32f30x_timer.o(.text.timer_update_source_config), (30 bytes).
    Removing gd32f30x_timer.o(.ARM.exidx.text.timer_update_source_config), (8 bytes).
    Removing gd32f30x_timer.o(.text.timer_interrupt_enable), (8 bytes).
    Removing gd32f30x_timer.o(.ARM.exidx.text.timer_interrupt_enable), (8 bytes).
    Removing gd32f30x_timer.o(.text.timer_interrupt_disable), (10 bytes).
    Removing gd32f30x_timer.o(.ARM.exidx.text.timer_interrupt_disable), (8 bytes).
    Removing gd32f30x_timer.o(.text.timer_interrupt_flag_get), (22 bytes).
    Removing gd32f30x_timer.o(.ARM.exidx.text.timer_interrupt_flag_get), (8 bytes).
    Removing gd32f30x_timer.o(.text.timer_interrupt_flag_clear), (6 bytes).
    Removing gd32f30x_timer.o(.ARM.exidx.text.timer_interrupt_flag_clear), (8 bytes).
    Removing gd32f30x_timer.o(.text.timer_flag_get), (10 bytes).
    Removing gd32f30x_timer.o(.ARM.exidx.text.timer_flag_get), (8 bytes).
    Removing gd32f30x_timer.o(.text.timer_flag_clear), (6 bytes).
    Removing gd32f30x_timer.o(.ARM.exidx.text.timer_flag_clear), (8 bytes).
    Removing gd32f30x_timer.o(.text.timer_dma_enable), (8 bytes).
    Removing gd32f30x_timer.o(.ARM.exidx.text.timer_dma_enable), (8 bytes).
    Removing gd32f30x_timer.o(.text.timer_dma_disable), (10 bytes).
    Removing gd32f30x_timer.o(.ARM.exidx.text.timer_dma_disable), (8 bytes).
    Removing gd32f30x_timer.o(.text.timer_channel_dma_request_source_select), (30 bytes).
    Removing gd32f30x_timer.o(.ARM.exidx.text.timer_channel_dma_request_source_select), (8 bytes).
    Removing gd32f30x_timer.o(.text.timer_dma_transfer_config), (24 bytes).
    Removing gd32f30x_timer.o(.ARM.exidx.text.timer_dma_transfer_config), (8 bytes).
    Removing gd32f30x_timer.o(.text.timer_event_software_generate), (8 bytes).
    Removing gd32f30x_timer.o(.ARM.exidx.text.timer_event_software_generate), (8 bytes).
    Removing gd32f30x_timer.o(.text.timer_break_struct_para_init), (12 bytes).
    Removing gd32f30x_timer.o(.ARM.exidx.text.timer_break_struct_para_init), (8 bytes).
    Removing gd32f30x_timer.o(.text.timer_break_config), (38 bytes).
    Removing gd32f30x_timer.o(.ARM.exidx.text.timer_break_config), (8 bytes).
    Removing gd32f30x_timer.o(.text.timer_break_enable), (10 bytes).
    Removing gd32f30x_timer.o(.ARM.exidx.text.timer_break_enable), (8 bytes).
    Removing gd32f30x_timer.o(.text.timer_break_disable), (10 bytes).
    Removing gd32f30x_timer.o(.ARM.exidx.text.timer_break_disable), (8 bytes).
    Removing gd32f30x_timer.o(.text.timer_automatic_output_enable), (10 bytes).
    Removing gd32f30x_timer.o(.ARM.exidx.text.timer_automatic_output_enable), (8 bytes).
    Removing gd32f30x_timer.o(.text.timer_automatic_output_disable), (10 bytes).
    Removing gd32f30x_timer.o(.ARM.exidx.text.timer_automatic_output_disable), (8 bytes).
    Removing gd32f30x_timer.o(.text.timer_primary_output_config), (18 bytes).
    Removing gd32f30x_timer.o(.ARM.exidx.text.timer_primary_output_config), (8 bytes).
    Removing gd32f30x_timer.o(.text.timer_channel_control_shadow_config), (16 bytes).
    Removing gd32f30x_timer.o(.ARM.exidx.text.timer_channel_control_shadow_config), (8 bytes).
    Removing gd32f30x_timer.o(.text.timer_channel_control_shadow_update_config), (30 bytes).
    Removing gd32f30x_timer.o(.ARM.exidx.text.timer_channel_control_shadow_update_config), (8 bytes).
    Removing gd32f30x_timer.o(.text.timer_channel_output_struct_para_init), (10 bytes).
    Removing gd32f30x_timer.o(.ARM.exidx.text.timer_channel_output_struct_para_init), (8 bytes).
    Removing gd32f30x_timer.o(.text.timer_channel_output_config), (532 bytes).
    Removing gd32f30x_timer.o(.ARM.exidx.text.timer_channel_output_config), (8 bytes).
    Removing gd32f30x_timer.o(.text.timer_channel_output_mode_config), (56 bytes).
    Removing gd32f30x_timer.o(.ARM.exidx.text.timer_channel_output_mode_config), (8 bytes).
    Removing gd32f30x_timer.o(.text.timer_channel_output_pulse_value_config), (14 bytes).
    Removing gd32f30x_timer.o(.ARM.exidx.text.timer_channel_output_pulse_value_config), (8 bytes).
    Removing gd32f30x_timer.o(.text.timer_channel_output_shadow_config), (56 bytes).
    Removing gd32f30x_timer.o(.ARM.exidx.text.timer_channel_output_shadow_config), (8 bytes).
    Removing gd32f30x_timer.o(.text.timer_channel_output_fast_config), (56 bytes).
    Removing gd32f30x_timer.o(.ARM.exidx.text.timer_channel_output_fast_config), (8 bytes).
    Removing gd32f30x_timer.o(.text.timer_channel_output_clear_config), (56 bytes).
    Removing gd32f30x_timer.o(.ARM.exidx.text.timer_channel_output_clear_config), (8 bytes).
    Removing gd32f30x_timer.o(.text.timer_channel_output_polarity_config), (68 bytes).
    Removing gd32f30x_timer.o(.ARM.exidx.text.timer_channel_output_polarity_config), (8 bytes).
    Removing gd32f30x_timer.o(.text.timer_channel_complementary_output_polarity_config), (56 bytes).
    Removing gd32f30x_timer.o(.ARM.exidx.text.timer_channel_complementary_output_polarity_config), (8 bytes).
    Removing gd32f30x_timer.o(.text.timer_channel_output_state_config), (68 bytes).
    Removing gd32f30x_timer.o(.ARM.exidx.text.timer_channel_output_state_config), (8 bytes).
    Removing gd32f30x_timer.o(.text.timer_channel_complementary_output_state_config), (56 bytes).
    Removing gd32f30x_timer.o(.ARM.exidx.text.timer_channel_complementary_output_state_config), (8 bytes).
    Removing gd32f30x_timer.o(.text.timer_channel_input_struct_para_init), (12 bytes).
    Removing gd32f30x_timer.o(.ARM.exidx.text.timer_channel_input_struct_para_init), (8 bytes).
    Removing gd32f30x_timer.o(.text.timer_input_capture_config), (350 bytes).
    Removing gd32f30x_timer.o(.ARM.exidx.text.timer_input_capture_config), (8 bytes).
    Removing gd32f30x_timer.o(.text.timer_channel_input_capture_prescaler_config), (56 bytes).
    Removing gd32f30x_timer.o(.ARM.exidx.text.timer_channel_input_capture_prescaler_config), (8 bytes).
    Removing gd32f30x_timer.o(.text.timer_channel_capture_value_register_read), (16 bytes).
    Removing gd32f30x_timer.o(.ARM.exidx.text.timer_channel_capture_value_register_read), (8 bytes).
    Removing gd32f30x_timer.o(.text.timer_input_pwm_capture_config), (354 bytes).
    Removing gd32f30x_timer.o(.ARM.exidx.text.timer_input_pwm_capture_config), (8 bytes).
    Removing gd32f30x_timer.o(.text.timer_hall_mode_config), (30 bytes).
    Removing gd32f30x_timer.o(.ARM.exidx.text.timer_hall_mode_config), (8 bytes).
    Removing gd32f30x_timer.o(.text.timer_input_trigger_source_select), (16 bytes).
    Removing gd32f30x_timer.o(.ARM.exidx.text.timer_input_trigger_source_select), (8 bytes).
    Removing gd32f30x_timer.o(.text.timer_master_output_trigger_source_select), (16 bytes).
    Removing gd32f30x_timer.o(.ARM.exidx.text.timer_master_output_trigger_source_select), (8 bytes).
    Removing gd32f30x_timer.o(.text.timer_slave_mode_select), (16 bytes).
    Removing gd32f30x_timer.o(.ARM.exidx.text.timer_slave_mode_select), (8 bytes).
    Removing gd32f30x_timer.o(.text.timer_master_slave_mode_config), (30 bytes).
    Removing gd32f30x_timer.o(.ARM.exidx.text.timer_master_slave_mode_config), (8 bytes).
    Removing gd32f30x_timer.o(.text.timer_external_trigger_config), (34 bytes).
    Removing gd32f30x_timer.o(.ARM.exidx.text.timer_external_trigger_config), (8 bytes).
    Removing gd32f30x_timer.o(.text.timer_quadrature_decoder_mode_config), (78 bytes).
    Removing gd32f30x_timer.o(.ARM.exidx.text.timer_quadrature_decoder_mode_config), (8 bytes).
    Removing gd32f30x_timer.o(.text.timer_internal_clock_config), (10 bytes).
    Removing gd32f30x_timer.o(.ARM.exidx.text.timer_internal_clock_config), (8 bytes).
    Removing gd32f30x_timer.o(.text.timer_internal_trigger_as_external_clock_config), (32 bytes).
    Removing gd32f30x_timer.o(.ARM.exidx.text.timer_internal_trigger_as_external_clock_config), (8 bytes).
    Removing gd32f30x_timer.o(.text.timer_external_trigger_as_external_clock_config), (152 bytes).
    Removing gd32f30x_timer.o(.ARM.exidx.text.timer_external_trigger_as_external_clock_config), (8 bytes).
    Removing gd32f30x_timer.o(.text.timer_external_clock_mode0_config), (50 bytes).
    Removing gd32f30x_timer.o(.ARM.exidx.text.timer_external_clock_mode0_config), (8 bytes).
    Removing gd32f30x_timer.o(.text.timer_external_clock_mode1_config), (42 bytes).
    Removing gd32f30x_timer.o(.ARM.exidx.text.timer_external_clock_mode1_config), (8 bytes).
    Removing gd32f30x_timer.o(.text.timer_external_clock_mode1_disable), (10 bytes).
    Removing gd32f30x_timer.o(.ARM.exidx.text.timer_external_clock_mode1_disable), (8 bytes).
    Removing gd32f30x_timer.o(.text.timer_write_chxval_register_config), (36 bytes).
    Removing gd32f30x_timer.o(.ARM.exidx.text.timer_write_chxval_register_config), (8 bytes).
    Removing gd32f30x_timer.o(.text.timer_output_value_selection_config), (36 bytes).
    Removing gd32f30x_timer.o(.ARM.exidx.text.timer_output_value_selection_config), (8 bytes).
    Removing gd32f30x_usart.o(.text), (0 bytes).
    Removing gd32f30x_usart.o(.ARM.exidx.text.usart_deinit), (8 bytes).
    Removing gd32f30x_usart.o(.ARM.exidx.text.usart_baudrate_set), (8 bytes).
    Removing gd32f30x_usart.o(.ARM.exidx.text.usart_parity_config), (8 bytes).
    Removing gd32f30x_usart.o(.ARM.exidx.text.usart_word_length_set), (8 bytes).
    Removing gd32f30x_usart.o(.ARM.exidx.text.usart_stop_bit_set), (8 bytes).
    Removing gd32f30x_usart.o(.ARM.exidx.text.usart_enable), (8 bytes).
    Removing gd32f30x_usart.o(.text.usart_disable), (10 bytes).
    Removing gd32f30x_usart.o(.ARM.exidx.text.usart_disable), (8 bytes).
    Removing gd32f30x_usart.o(.ARM.exidx.text.usart_transmit_config), (8 bytes).
    Removing gd32f30x_usart.o(.ARM.exidx.text.usart_receive_config), (8 bytes).
    Removing gd32f30x_usart.o(.text.usart_data_first_config), (24 bytes).
    Removing gd32f30x_usart.o(.ARM.exidx.text.usart_data_first_config), (8 bytes).
    Removing gd32f30x_usart.o(.text.usart_invert_config), (100 bytes).
    Removing gd32f30x_usart.o(.ARM.exidx.text.usart_invert_config), (8 bytes).
    Removing gd32f30x_usart.o(.text.usart_receiver_timeout_enable), (14 bytes).
    Removing gd32f30x_usart.o(.ARM.exidx.text.usart_receiver_timeout_enable), (8 bytes).
    Removing gd32f30x_usart.o(.text.usart_receiver_timeout_disable), (14 bytes).
    Removing gd32f30x_usart.o(.ARM.exidx.text.usart_receiver_timeout_disable), (8 bytes).
    Removing gd32f30x_usart.o(.text.usart_receiver_timeout_threshold_config), (24 bytes).
    Removing gd32f30x_usart.o(.ARM.exidx.text.usart_receiver_timeout_threshold_config), (8 bytes).
    Removing gd32f30x_usart.o(.ARM.exidx.text.usart_data_transmit), (8 bytes).
    Removing gd32f30x_usart.o(.text.usart_data_receive), (8 bytes).
    Removing gd32f30x_usart.o(.ARM.exidx.text.usart_data_receive), (8 bytes).
    Removing gd32f30x_usart.o(.text.usart_address_config), (20 bytes).
    Removing gd32f30x_usart.o(.ARM.exidx.text.usart_address_config), (8 bytes).
    Removing gd32f30x_usart.o(.text.usart_mute_mode_enable), (10 bytes).
    Removing gd32f30x_usart.o(.ARM.exidx.text.usart_mute_mode_enable), (8 bytes).
    Removing gd32f30x_usart.o(.text.usart_mute_mode_disable), (10 bytes).
    Removing gd32f30x_usart.o(.ARM.exidx.text.usart_mute_mode_disable), (8 bytes).
    Removing gd32f30x_usart.o(.text.usart_mute_mode_wakeup_config), (16 bytes).
    Removing gd32f30x_usart.o(.ARM.exidx.text.usart_mute_mode_wakeup_config), (8 bytes).
    Removing gd32f30x_usart.o(.text.usart_lin_mode_enable), (10 bytes).
    Removing gd32f30x_usart.o(.ARM.exidx.text.usart_lin_mode_enable), (8 bytes).
    Removing gd32f30x_usart.o(.text.usart_lin_mode_disable), (10 bytes).
    Removing gd32f30x_usart.o(.ARM.exidx.text.usart_lin_mode_disable), (8 bytes).
    Removing gd32f30x_usart.o(.text.usart_lin_break_detection_length_config), (20 bytes).
    Removing gd32f30x_usart.o(.ARM.exidx.text.usart_lin_break_detection_length_config), (8 bytes).
    Removing gd32f30x_usart.o(.text.usart_send_break), (10 bytes).
    Removing gd32f30x_usart.o(.ARM.exidx.text.usart_send_break), (8 bytes).
    Removing gd32f30x_usart.o(.text.usart_halfduplex_enable), (10 bytes).
    Removing gd32f30x_usart.o(.ARM.exidx.text.usart_halfduplex_enable), (8 bytes).
    Removing gd32f30x_usart.o(.text.usart_halfduplex_disable), (10 bytes).
    Removing gd32f30x_usart.o(.ARM.exidx.text.usart_halfduplex_disable), (8 bytes).
    Removing gd32f30x_usart.o(.text.usart_synchronous_clock_enable), (10 bytes).
    Removing gd32f30x_usart.o(.ARM.exidx.text.usart_synchronous_clock_enable), (8 bytes).
    Removing gd32f30x_usart.o(.text.usart_synchronous_clock_disable), (10 bytes).
    Removing gd32f30x_usart.o(.ARM.exidx.text.usart_synchronous_clock_disable), (8 bytes).
    Removing gd32f30x_usart.o(.text.usart_synchronous_clock_config), (36 bytes).
    Removing gd32f30x_usart.o(.ARM.exidx.text.usart_synchronous_clock_config), (8 bytes).
    Removing gd32f30x_usart.o(.text.usart_guard_time_config), (18 bytes).
    Removing gd32f30x_usart.o(.ARM.exidx.text.usart_guard_time_config), (8 bytes).
    Removing gd32f30x_usart.o(.text.usart_smartcard_mode_enable), (10 bytes).
    Removing gd32f30x_usart.o(.ARM.exidx.text.usart_smartcard_mode_enable), (8 bytes).
    Removing gd32f30x_usart.o(.text.usart_smartcard_mode_disable), (10 bytes).
    Removing gd32f30x_usart.o(.ARM.exidx.text.usart_smartcard_mode_disable), (8 bytes).
    Removing gd32f30x_usart.o(.text.usart_smartcard_mode_nack_enable), (10 bytes).
    Removing gd32f30x_usart.o(.ARM.exidx.text.usart_smartcard_mode_nack_enable), (8 bytes).
    Removing gd32f30x_usart.o(.text.usart_smartcard_mode_nack_disable), (10 bytes).
    Removing gd32f30x_usart.o(.ARM.exidx.text.usart_smartcard_mode_nack_disable), (8 bytes).
    Removing gd32f30x_usart.o(.text.usart_smartcard_autoretry_config), (30 bytes).
    Removing gd32f30x_usart.o(.ARM.exidx.text.usart_smartcard_autoretry_config), (8 bytes).
    Removing gd32f30x_usart.o(.text.usart_block_length_config), (26 bytes).
    Removing gd32f30x_usart.o(.ARM.exidx.text.usart_block_length_config), (8 bytes).
    Removing gd32f30x_usart.o(.text.usart_irda_mode_enable), (10 bytes).
    Removing gd32f30x_usart.o(.ARM.exidx.text.usart_irda_mode_enable), (8 bytes).
    Removing gd32f30x_usart.o(.text.usart_irda_mode_disable), (10 bytes).
    Removing gd32f30x_usart.o(.ARM.exidx.text.usart_irda_mode_disable), (8 bytes).
    Removing gd32f30x_usart.o(.text.usart_prescaler_config), (16 bytes).
    Removing gd32f30x_usart.o(.ARM.exidx.text.usart_prescaler_config), (8 bytes).
    Removing gd32f30x_usart.o(.text.usart_irda_lowpower_config), (20 bytes).
    Removing gd32f30x_usart.o(.ARM.exidx.text.usart_irda_lowpower_config), (8 bytes).
    Removing gd32f30x_usart.o(.text.usart_hardware_flow_rts_config), (20 bytes).
    Removing gd32f30x_usart.o(.ARM.exidx.text.usart_hardware_flow_rts_config), (8 bytes).
    Removing gd32f30x_usart.o(.text.usart_hardware_flow_cts_config), (20 bytes).
    Removing gd32f30x_usart.o(.ARM.exidx.text.usart_hardware_flow_cts_config), (8 bytes).
    Removing gd32f30x_usart.o(.text.usart_dma_receive_config), (20 bytes).
    Removing gd32f30x_usart.o(.ARM.exidx.text.usart_dma_receive_config), (8 bytes).
    Removing gd32f30x_usart.o(.text.usart_dma_transmit_config), (20 bytes).
    Removing gd32f30x_usart.o(.ARM.exidx.text.usart_dma_transmit_config), (8 bytes).
    Removing gd32f30x_usart.o(.ARM.exidx.text.usart_flag_get), (8 bytes).
    Removing gd32f30x_usart.o(.text.usart_flag_clear), (18 bytes).
    Removing gd32f30x_usart.o(.ARM.exidx.text.usart_flag_clear), (8 bytes).
    Removing gd32f30x_usart.o(.text.usart_interrupt_enable), (22 bytes).
    Removing gd32f30x_usart.o(.ARM.exidx.text.usart_interrupt_enable), (8 bytes).
    Removing gd32f30x_usart.o(.text.usart_interrupt_disable), (24 bytes).
    Removing gd32f30x_usart.o(.ARM.exidx.text.usart_interrupt_disable), (8 bytes).
    Removing gd32f30x_usart.o(.text.usart_interrupt_flag_get), (40 bytes).
    Removing gd32f30x_usart.o(.ARM.exidx.text.usart_interrupt_flag_get), (8 bytes).
    Removing gd32f30x_usart.o(.text.usart_interrupt_flag_clear), (18 bytes).
    Removing gd32f30x_usart.o(.ARM.exidx.text.usart_interrupt_flag_clear), (8 bytes).
    Removing gd32f30x_wwdgt.o(.text), (0 bytes).
    Removing gd32f30x_wwdgt.o(.text.wwdgt_deinit), (22 bytes).
    Removing gd32f30x_wwdgt.o(.ARM.exidx.text.wwdgt_deinit), (8 bytes).
    Removing gd32f30x_wwdgt.o(.text.wwdgt_enable), (18 bytes).
    Removing gd32f30x_wwdgt.o(.ARM.exidx.text.wwdgt_enable), (8 bytes).
    Removing gd32f30x_wwdgt.o(.text.wwdgt_counter_update), (16 bytes).
    Removing gd32f30x_wwdgt.o(.ARM.exidx.text.wwdgt_counter_update), (8 bytes).
    Removing gd32f30x_wwdgt.o(.text.wwdgt_config), (24 bytes).
    Removing gd32f30x_wwdgt.o(.ARM.exidx.text.wwdgt_config), (8 bytes).
    Removing gd32f30x_wwdgt.o(.text.wwdgt_flag_get), (16 bytes).
    Removing gd32f30x_wwdgt.o(.ARM.exidx.text.wwdgt_flag_get), (8 bytes).
    Removing gd32f30x_wwdgt.o(.text.wwdgt_flag_clear), (14 bytes).
    Removing gd32f30x_wwdgt.o(.ARM.exidx.text.wwdgt_flag_clear), (8 bytes).
    Removing gd32f30x_wwdgt.o(.text.wwdgt_interrupt_enable), (18 bytes).
    Removing gd32f30x_wwdgt.o(.ARM.exidx.text.wwdgt_interrupt_enable), (8 bytes).
    Removing gd32f307c_eval.o(.text), (0 bytes).
    Removing gd32f307c_eval.o(.text.gd_eval_led_init), (64 bytes).
    Removing gd32f307c_eval.o(.ARM.exidx.text.gd_eval_led_init), (8 bytes).
    Removing gd32f307c_eval.o(.text.gd_eval_led_on), (28 bytes).
    Removing gd32f307c_eval.o(.ARM.exidx.text.gd_eval_led_on), (8 bytes).
    Removing gd32f307c_eval.o(.text.gd_eval_led_off), (28 bytes).
    Removing gd32f307c_eval.o(.ARM.exidx.text.gd_eval_led_off), (8 bytes).
    Removing gd32f307c_eval.o(.text.gd_eval_led_toggle), (52 bytes).
    Removing gd32f307c_eval.o(.ARM.exidx.text.gd_eval_led_toggle), (8 bytes).
    Removing gd32f307c_eval.o(.text.gd_eval_key_init), (128 bytes).
    Removing gd32f307c_eval.o(.ARM.exidx.text.gd_eval_key_init), (8 bytes).
    Removing gd32f307c_eval.o(.text.gd_eval_key_state_get), (30 bytes).
    Removing gd32f307c_eval.o(.ARM.exidx.text.gd_eval_key_state_get), (8 bytes).
    Removing gd32f307c_eval.o(.text.gd_eval_com_init), (152 bytes).
    Removing gd32f307c_eval.o(.ARM.exidx.text.gd_eval_com_init), (8 bytes).
    Removing gd32f307c_eval.o(.text.fputc), (36 bytes).
    Removing gd32f307c_eval.o(.ARM.exidx.text.fputc), (8 bytes).
    Removing gd32f307c_eval.o(.rodata.cst16), (32 bytes).
    Removing gd32f307c_eval.o(.rodata.KEY_CLK), (6 bytes).
    Removing gd32f307c_eval.o(.rodata.KEY_PORT), (12 bytes).
    Removing gd32f307c_eval.o(.rodata.KEY_EXTI_LINE), (12 bytes).

1251 unused section(s) (total 28074 bytes) removed from the image.

==============================================================================

Image Symbol Table

    Local Symbols

    Symbol Name                              Value     Ov Type        Size  Object(Section)

    ../clib/angel/boardlib.s                 0x00000000   Number         0  boardinit1.o ABSOLUTE
    ../clib/angel/boardlib.s                 0x00000000   Number         0  boardinit2.o ABSOLUTE
    ../clib/angel/boardlib.s                 0x00000000   Number         0  boardinit3.o ABSOLUTE
    ../clib/angel/boardlib.s                 0x00000000   Number         0  boardshut.o ABSOLUTE
    ../clib/angel/handlers.s                 0x00000000   Number         0  __scatter_zi.o ABSOLUTE
    ../clib/angel/kernel.s                   0x00000000   Number         0  __rtentry.o ABSOLUTE
    ../clib/angel/kernel.s                   0x00000000   Number         0  __rtentry2.o ABSOLUTE
    ../clib/angel/kernel.s                   0x00000000   Number         0  __rtentry4.o ABSOLUTE
    ../clib/angel/kernel.s                   0x00000000   Number         0  rtexit.o ABSOLUTE
    ../clib/angel/kernel.s                   0x00000000   Number         0  rtexit2.o ABSOLUTE
    ../clib/angel/rt.s                       0x00000000   Number         0  rt_raise.o ABSOLUTE
    ../clib/angel/scatter.s                  0x00000000   Number         0  __scatter.o ABSOLUTE
    ../clib/angel/startup.s                  0x00000000   Number         0  __main.o ABSOLUTE
    ../clib/angel/sys.s                      0x00000000   Number         0  sys_stackheap_outer.o ABSOLUTE
    ../clib/angel/sys.s                      0x00000000   Number         0  libspace.o ABSOLUTE
    ../clib/angel/sys.s                      0x00000000   Number         0  use_no_semi.o ABSOLUTE
    ../clib/angel/sys.s                      0x00000000   Number         0  indicate_semi.o ABSOLUTE
    ../clib/angel/sysapp.c                   0x00000000   Number         0  sys_exit.o ABSOLUTE
    ../clib/angel/sysapp.c                   0x00000000   Number         0  sys_exit_hlt.o ABSOLUTE
    ../clib/angel/sysapp.c                   0x00000000   Number         0  sys_command.o ABSOLUTE
    ../clib/angel/sysapp.c                   0x00000000   Number         0  sys_command_hlt.o ABSOLUTE
    ../clib/angel/sysapp.c                   0x00000000   Number         0  sys_wrch.o ABSOLUTE
    ../clib/angel/sysapp.c                   0x00000000   Number         0  sys_wrch_hlt.o ABSOLUTE
    ../clib/armsys.c                         0x00000000   Number         0  argv_veneer.o ABSOLUTE
    ../clib/armsys.c                         0x00000000   Number         0  argv_veneer.o ABSOLUTE
    ../clib/armsys.c                         0x00000000   Number         0  _get_argv_nomalloc.o ABSOLUTE
    ../clib/armsys.c                         0x00000000   Number         0  no_argv.o ABSOLUTE
    ../clib/heapalloc.c                      0x00000000   Number         0  hrguard.o ABSOLUTE
    ../clib/heapaux.c                        0x00000000   Number         0  heapauxi.o ABSOLUTE
    ../clib/libinit.s                        0x00000000   Number         0  libinit.o ABSOLUTE
    ../clib/libinit.s                        0x00000000   Number         0  libinit2.o ABSOLUTE
    ../clib/libinit.s                        0x00000000   Number         0  libshutdown.o ABSOLUTE
    ../clib/libinit.s                        0x00000000   Number         0  libshutdown2.o ABSOLUTE
    ../clib/signal.c                         0x00000000   Number         0  defsig_rtmem_outer.o ABSOLUTE
    ../clib/signal.c                         0x00000000   Number         0  defsig_rtmem_formal.o ABSOLUTE
    ../clib/signal.c                         0x00000000   Number         0  defsig_exit.o ABSOLUTE
    ../clib/signal.c                         0x00000000   Number         0  defsig_rtmem_inner.o ABSOLUTE
    ../clib/signal.c                         0x00000000   Number         0  __raise.o ABSOLUTE
    ../clib/signal.c                         0x00000000   Number         0  defsig_general.o ABSOLUTE
    ../clib/signal.c                         0x00000000   Number         0  defsig_abrt_inner.o ABSOLUTE
    ../clib/signal.c                         0x00000000   Number         0  defsig_fpe_inner.o ABSOLUTE
    ../clib/signal.c                         0x00000000   Number         0  defsig_rtred_inner.o ABSOLUTE
    ../clib/signal.c                         0x00000000   Number         0  defsig_stak_inner.o ABSOLUTE
    ../clib/signal.c                         0x00000000   Number         0  defsig_pvfn_inner.o ABSOLUTE
    ../clib/signal.c                         0x00000000   Number         0  defsig_cppl_inner.o ABSOLUTE
    ../clib/signal.c                         0x00000000   Number         0  defsig_segv_inner.o ABSOLUTE
    ../clib/signal.c                         0x00000000   Number         0  defsig_other.o ABSOLUTE
    ../clib/signal.s                         0x00000000   Number         0  defsig.o ABSOLUTE
    ../clib/stdlib.c                         0x00000000   Number         0  exit.o ABSOLUTE
    ../fplib/fpinit.s                        0x00000000   Number         0  fpinit.o ABSOLUTE
    ..\..\Firmware\CMSIS\GD\GD32F30x\Source\ARM\startup_gd32f30x_hd.s 0x00000000   Number         0  startup_gd32f30x_hd.o ABSOLUTE
    dc.s                                     0x00000000   Number         0  dc.o ABSOLUTE
    gd32f307c_eval.c                         0x00000000   Number         0  gd32f307c_eval.o ABSOLUTE
    gd32f30x_adc.c                           0x00000000   Number         0  gd32f30x_adc.o ABSOLUTE
    gd32f30x_bkp.c                           0x00000000   Number         0  gd32f30x_bkp.o ABSOLUTE
    gd32f30x_can.c                           0x00000000   Number         0  gd32f30x_can.o ABSOLUTE
    gd32f30x_crc.c                           0x00000000   Number         0  gd32f30x_crc.o ABSOLUTE
    gd32f30x_ctc.c                           0x00000000   Number         0  gd32f30x_ctc.o ABSOLUTE
    gd32f30x_dac.c                           0x00000000   Number         0  gd32f30x_dac.o ABSOLUTE
    gd32f30x_dbg.c                           0x00000000   Number         0  gd32f30x_dbg.o ABSOLUTE
    gd32f30x_dma.c                           0x00000000   Number         0  gd32f30x_dma.o ABSOLUTE
    gd32f30x_enet.c                          0x00000000   Number         0  gd32f30x_enet.o ABSOLUTE
    gd32f30x_exmc.c                          0x00000000   Number         0  gd32f30x_exmc.o ABSOLUTE
    gd32f30x_exti.c                          0x00000000   Number         0  gd32f30x_exti.o ABSOLUTE
    gd32f30x_fmc.c                           0x00000000   Number         0  gd32f30x_fmc.o ABSOLUTE
    gd32f30x_fwdgt.c                         0x00000000   Number         0  gd32f30x_fwdgt.o ABSOLUTE
    gd32f30x_gpio.c                          0x00000000   Number         0  gd32f30x_gpio.o ABSOLUTE
    gd32f30x_i2c.c                           0x00000000   Number         0  gd32f30x_i2c.o ABSOLUTE
    gd32f30x_it.c                            0x00000000   Number         0  gd32f30x_it.o ABSOLUTE
    gd32f30x_misc.c                          0x00000000   Number         0  gd32f30x_misc.o ABSOLUTE
    gd32f30x_pmu.c                           0x00000000   Number         0  gd32f30x_pmu.o ABSOLUTE
    gd32f30x_rcu.c                           0x00000000   Number         0  gd32f30x_rcu.o ABSOLUTE
    gd32f30x_rtc.c                           0x00000000   Number         0  gd32f30x_rtc.o ABSOLUTE
    gd32f30x_sdio.c                          0x00000000   Number         0  gd32f30x_sdio.o ABSOLUTE
    gd32f30x_spi.c                           0x00000000   Number         0  gd32f30x_spi.o ABSOLUTE
    gd32f30x_timer.c                         0x00000000   Number         0  gd32f30x_timer.o ABSOLUTE
    gd32f30x_usart.c                         0x00000000   Number         0  gd32f30x_usart.o ABSOLUTE
    gd32f30x_wwdgt.c                         0x00000000   Number         0  gd32f30x_wwdgt.o ABSOLUTE
    main.c                                   0x00000000   Number         0  main.o ABSOLUTE
    system_gd32f30x.c                        0x00000000   Number         0  system_gd32f30x.o ABSOLUTE
    systick.c                                0x00000000   Number         0  systick.o ABSOLUTE
    RESET                                    0x08000000   Section      304  startup_gd32f30x_hd.o(RESET)
    !!!main                                  0x08000130   Section        8  __main.o(!!!main)
    !!!scatter                               0x08000138   Section       92  __scatter.o(!!!scatter)
    !!handler_null                           0x08000194   Section        2  __scatter.o(!!handler_null)
    !!handler_zi                             0x08000198   Section       28  __scatter_zi.o(!!handler_zi)
    .ARM.Collect$$libinit$$00000000          0x080001b4   Section        2  libinit.o(.ARM.Collect$$libinit$$00000000)
    .ARM.Collect$$libinit$$00000001          0x080001b6   Section        4  libinit2.o(.ARM.Collect$$libinit$$00000001)
    .ARM.Collect$$libinit$$00000004          0x080001ba   Section        0  libinit2.o(.ARM.Collect$$libinit$$00000004)
    .ARM.Collect$$libinit$$00000006          0x080001ba   Section        0  libinit2.o(.ARM.Collect$$libinit$$00000006)
    .ARM.Collect$$libinit$$0000000C          0x080001ba   Section        0  libinit2.o(.ARM.Collect$$libinit$$0000000C)
    .ARM.Collect$$libinit$$0000000E          0x080001ba   Section        0  libinit2.o(.ARM.Collect$$libinit$$0000000E)
    .ARM.Collect$$libinit$$00000010          0x080001ba   Section        0  libinit2.o(.ARM.Collect$$libinit$$00000010)
    .ARM.Collect$$libinit$$00000013          0x080001ba   Section        0  libinit2.o(.ARM.Collect$$libinit$$00000013)
    .ARM.Collect$$libinit$$00000015          0x080001ba   Section        0  libinit2.o(.ARM.Collect$$libinit$$00000015)
    .ARM.Collect$$libinit$$00000017          0x080001ba   Section        0  libinit2.o(.ARM.Collect$$libinit$$00000017)
    .ARM.Collect$$libinit$$00000019          0x080001ba   Section        0  libinit2.o(.ARM.Collect$$libinit$$00000019)
    .ARM.Collect$$libinit$$0000001B          0x080001ba   Section        0  libinit2.o(.ARM.Collect$$libinit$$0000001B)
    .ARM.Collect$$libinit$$0000001D          0x080001ba   Section        0  libinit2.o(.ARM.Collect$$libinit$$0000001D)
    .ARM.Collect$$libinit$$0000001F          0x080001ba   Section        0  libinit2.o(.ARM.Collect$$libinit$$0000001F)
    .ARM.Collect$$libinit$$00000021          0x080001ba   Section        0  libinit2.o(.ARM.Collect$$libinit$$00000021)
    .ARM.Collect$$libinit$$00000023          0x080001ba   Section        0  libinit2.o(.ARM.Collect$$libinit$$00000023)
    .ARM.Collect$$libinit$$00000025          0x080001ba   Section        0  libinit2.o(.ARM.Collect$$libinit$$00000025)
    .ARM.Collect$$libinit$$00000027          0x080001ba   Section        0  libinit2.o(.ARM.Collect$$libinit$$00000027)
    .ARM.Collect$$libinit$$0000002E          0x080001ba   Section        0  libinit2.o(.ARM.Collect$$libinit$$0000002E)
    .ARM.Collect$$libinit$$00000030          0x080001ba   Section        0  libinit2.o(.ARM.Collect$$libinit$$00000030)
    .ARM.Collect$$libinit$$00000032          0x080001ba   Section        0  libinit2.o(.ARM.Collect$$libinit$$00000032)
    .ARM.Collect$$libinit$$00000034          0x080001ba   Section        0  libinit2.o(.ARM.Collect$$libinit$$00000034)
    .ARM.Collect$$libinit$$00000035          0x080001ba   Section        2  libinit2.o(.ARM.Collect$$libinit$$00000035)
    .ARM.Collect$$libshutdown$$00000000      0x080001bc   Section        2  libshutdown.o(.ARM.Collect$$libshutdown$$00000000)
    .ARM.Collect$$libshutdown$$00000002      0x080001be   Section        0  libshutdown2.o(.ARM.Collect$$libshutdown$$00000002)
    .ARM.Collect$$libshutdown$$00000004      0x080001be   Section        0  libshutdown2.o(.ARM.Collect$$libshutdown$$00000004)
    .ARM.Collect$$libshutdown$$00000007      0x080001be   Section        0  libshutdown2.o(.ARM.Collect$$libshutdown$$00000007)
    .ARM.Collect$$libshutdown$$0000000A      0x080001be   Section        0  libshutdown2.o(.ARM.Collect$$libshutdown$$0000000A)
    .ARM.Collect$$libshutdown$$0000000C      0x080001be   Section        0  libshutdown2.o(.ARM.Collect$$libshutdown$$0000000C)
    .ARM.Collect$$libshutdown$$0000000F      0x080001be   Section        0  libshutdown2.o(.ARM.Collect$$libshutdown$$0000000F)
    .ARM.Collect$$libshutdown$$00000010      0x080001be   Section        2  libshutdown2.o(.ARM.Collect$$libshutdown$$00000010)
    .ARM.Collect$$rtentry$$00000000          0x080001c0   Section        0  __rtentry.o(.ARM.Collect$$rtentry$$00000000)
    .ARM.Collect$$rtentry$$00000002          0x080001c0   Section        0  __rtentry2.o(.ARM.Collect$$rtentry$$00000002)
    .ARM.Collect$$rtentry$$00000004          0x080001c0   Section        6  __rtentry4.o(.ARM.Collect$$rtentry$$00000004)
    .ARM.Collect$$rtentry$$00000009          0x080001c6   Section        0  __rtentry2.o(.ARM.Collect$$rtentry$$00000009)
    .ARM.Collect$$rtentry$$0000000A          0x080001c6   Section        4  __rtentry2.o(.ARM.Collect$$rtentry$$0000000A)
    .ARM.Collect$$rtentry$$0000000C          0x080001ca   Section        0  __rtentry2.o(.ARM.Collect$$rtentry$$0000000C)
    .ARM.Collect$$rtentry$$0000000D          0x080001ca   Section        8  __rtentry2.o(.ARM.Collect$$rtentry$$0000000D)
    .ARM.Collect$$rtexit$$00000000           0x080001d2   Section        2  rtexit.o(.ARM.Collect$$rtexit$$00000000)
    .ARM.Collect$$rtexit$$00000002           0x080001d4   Section        0  rtexit2.o(.ARM.Collect$$rtexit$$00000002)
    .ARM.Collect$$rtexit$$00000003           0x080001d4   Section        4  rtexit2.o(.ARM.Collect$$rtexit$$00000003)
    .ARM.Collect$$rtexit$$00000004           0x080001d8   Section        6  rtexit2.o(.ARM.Collect$$rtexit$$00000004)
    $v0                                      0x080001e0   Number         0  startup_gd32f30x_hd.o(.text)
    .text                                    0x080001e0   Section       64  startup_gd32f30x_hd.o(.text)
    .text                                    0x08000220   Section        0  heapauxi.o(.text)
    .text                                    0x08000226   Section       74  sys_stackheap_outer.o(.text)
    .text                                    0x08000270   Section        0  exit.o(.text)
    .text                                    0x08000284   Section        8  libspace.o(.text)
    .text                                    0x0800028c   Section        0  sys_exit.o(.text)
    .text                                    0x08000298   Section        2  use_no_semi.o(.text)
    .text                                    0x0800029a   Section        0  indicate_semi.o(.text)
    [Anonymous Symbol]                       0x0800029c   Section        0  gd32f30x_it.o(.text.BusFault_Handler)
    [Anonymous Symbol]                       0x080002a0   Section        0  gd32f30x_it.o(.text.DebugMon_Handler)
    [Anonymous Symbol]                       0x080002a4   Section        0  gd32f30x_it.o(.text.HardFault_Handler)
    [Anonymous Symbol]                       0x080002a8   Section        0  gd32f30x_it.o(.text.MemManage_Handler)
    [Anonymous Symbol]                       0x080002ac   Section        0  gd32f30x_it.o(.text.NMI_Handler)
    [Anonymous Symbol]                       0x080002b0   Section        0  gd32f30x_it.o(.text.PendSV_Handler)
    [Anonymous Symbol]                       0x080002b4   Section        0  gd32f30x_it.o(.text.SVC_Handler)
    [Anonymous Symbol]                       0x080002b8   Section        0  gd32f30x_it.o(.text.SysTick_Handler)
    [Anonymous Symbol]                       0x080002bc   Section        0  system_gd32f30x.o(.text.SystemInit)
    [Anonymous Symbol]                       0x08000528   Section        0  gd32f30x_it.o(.text.UsageFault_Handler)
    [Anonymous Symbol]                       0x0800052c   Section        0  systick.o(.text.delay_decrement)
    fill_screen                              0x08000545   Thumb Code   174  main.o(.text.fill_screen)
    [Anonymous Symbol]                       0x08000544   Section        0  main.o(.text.fill_screen)
    [Anonymous Symbol]                       0x080005f4   Section        0  gd32f30x_gpio.o(.text.gpio_bit_reset)
    [Anonymous Symbol]                       0x080005f8   Section        0  gd32f30x_gpio.o(.text.gpio_bit_set)
    [Anonymous Symbol]                       0x080005fc   Section        0  gd32f30x_gpio.o(.text.gpio_init)
    lcd_cmd                                  0x080006b5   Thumb Code    76  main.o(.text.lcd_cmd)
    [Anonymous Symbol]                       0x080006b4   Section        0  main.o(.text.lcd_cmd)
    lcd_data1                                0x08000701   Thumb Code    76  main.o(.text.lcd_data1)
    [Anonymous Symbol]                       0x08000700   Section        0  main.o(.text.lcd_data1)
    lcd_dataN                                0x0800074d   Thumb Code    96  main.o(.text.lcd_dataN)
    [Anonymous Symbol]                       0x0800074c   Section        0  main.o(.text.lcd_dataN)
    [Anonymous Symbol]                       0x080007ac   Section        0  main.o(.text.main)
    [Anonymous Symbol]                       0x08000e2c   Section        0  gd32f30x_rcu.o(.text.rcu_clock_freq_get)
    [Anonymous Symbol]                       0x08000efc   Section        0  gd32f30x_rcu.o(.text.rcu_periph_clock_enable)
    [Anonymous Symbol]                       0x08000f1c   Section        0  gd32f30x_rcu.o(.text.rcu_periph_reset_disable)
    [Anonymous Symbol]                       0x08000f3c   Section        0  gd32f30x_rcu.o(.text.rcu_periph_reset_enable)
    [Anonymous Symbol]                       0x08000f5c   Section        0  gd32f30x_spi.o(.text.spi_enable)
    [Anonymous Symbol]                       0x08000f68   Section        0  gd32f30x_spi.o(.text.spi_i2s_data_transmit)
    [Anonymous Symbol]                       0x08000f6c   Section        0  gd32f30x_spi.o(.text.spi_i2s_flag_get)
    [Anonymous Symbol]                       0x08000f78   Section        0  gd32f30x_spi.o(.text.spi_init)
    [Anonymous Symbol]                       0x08000fac   Section        0  gd32f30x_spi.o(.text.spi_struct_para_init)
    [Anonymous Symbol]                       0x08000fc0   Section        0  gd32f30x_usart.o(.text.usart_baudrate_set)
    [Anonymous Symbol]                       0x0800102c   Section        0  gd32f30x_usart.o(.text.usart_data_transmit)
    [Anonymous Symbol]                       0x08001034   Section        0  gd32f30x_usart.o(.text.usart_deinit)
    [Anonymous Symbol]                       0x080010b0   Section        0  gd32f30x_usart.o(.text.usart_enable)
    [Anonymous Symbol]                       0x080010bc   Section        0  gd32f30x_usart.o(.text.usart_flag_get)
    [Anonymous Symbol]                       0x080010cc   Section        0  gd32f30x_usart.o(.text.usart_parity_config)
    [Anonymous Symbol]                       0x080010dc   Section        0  gd32f30x_usart.o(.text.usart_receive_config)
    [Anonymous Symbol]                       0x080010f0   Section        0  gd32f30x_usart.o(.text.usart_stop_bit_set)
    [Anonymous Symbol]                       0x08001100   Section        0  gd32f30x_usart.o(.text.usart_transmit_config)
    [Anonymous Symbol]                       0x08001114   Section        0  gd32f30x_usart.o(.text.usart_word_length_set)
    $v0                                      0x08001124   Number         0  fpinit.o(x$fpl$fpinit)
    x$fpl$fpinit                             0x08001124   Section       26  fpinit.o(x$fpl$fpinit)
    .L__const.rcu_clock_freq_get.apb2_exp    0x0800113e   Data           8  gd32f30x_rcu.o(.rodata.cst8)
    .L.str.3                                 0x08001146   Data          88  main.o(.rodata.str1.1)
    [Anonymous Symbol]                       0x08001146   Section        0  main.o(.rodata.str1.1)
    .L.str.1                                 0x0800119e   Data          73  main.o(.rodata.str1.1)
    .L.str                                   0x080011e7   Data          66  main.o(.rodata.str1.1)
    .bss                                     0x20000000   Section       96  libspace.o(.bss)
    delay                                    0x20000060   Data           4  systick.o(.bss.delay)
    [Anonymous Symbol]                       0x20000060   Section        0  systick.o(.bss.delay)
    Heap_Mem                                 0x20000068   Data        1024  startup_gd32f30x_hd.o(HEAP)
    HEAP                                     0x20000068   Section     1024  startup_gd32f30x_hd.o(HEAP)
    Stack_Mem                                0x20000468   Data        1024  startup_gd32f30x_hd.o(STACK)
    STACK                                    0x20000468   Section     1024  startup_gd32f30x_hd.o(STACK)
    __initial_sp                             0x20000868   Data           0  startup_gd32f30x_hd.o(STACK)

    Global Symbols

    Symbol Name                              Value     Ov Type        Size  Object(Section)

    BuildAttributes$$THM_ISAv4$E$P$D$K$B$S$7EM$VFPi3$EXTD16$VFPS$VFMA$PE$A:L22UL41UL21$X:L11$S22US41US21$IEEE1$IW$~IW$USESV6$~STKCKD$USESV7$~SHL$OTIME$ROPI$EBA8$UX$STANDARDLIB$REQ8$PRES8$EABIv2 0x00000000   Number         0  anon$$obj.o ABSOLUTE
    __ARM_exceptions_init                     - Undefined Weak Reference
    __alloca_initialize                       - Undefined Weak Reference
    __arm_preinit_                            - Undefined Weak Reference
    __arm_relocate_pie_                       - Undefined Weak Reference
    __cpp_initialize__aeabi_                  - Undefined Weak Reference
    __cxa_finalize                            - Undefined Weak Reference
    __rt_locale                               - Undefined Weak Reference
    __sigvec_lookup                           - Undefined Weak Reference
    _atexit_init                              - Undefined Weak Reference
    _call_atexit_fns                          - Undefined Weak Reference
    _clock_init                               - Undefined Weak Reference
    _fp_trap_init                             - Undefined Weak Reference
    _fp_trap_shutdown                         - Undefined Weak Reference
    _get_lc_collate                           - Undefined Weak Reference
    _get_lc_ctype                             - Undefined Weak Reference
    _get_lc_monetary                          - Undefined Weak Reference
    _get_lc_numeric                           - Undefined Weak Reference
    _get_lc_time                              - Undefined Weak Reference
    _getenv_init                              - Undefined Weak Reference
    _handle_redirection                       - Undefined Weak Reference
    _init_alloc                               - Undefined Weak Reference
    _init_user_alloc                          - Undefined Weak Reference
    _initio                                   - Undefined Weak Reference
    _rand_init                                - Undefined Weak Reference
    _signal_finish                            - Undefined Weak Reference
    _signal_init                              - Undefined Weak Reference
    _terminate_alloc                          - Undefined Weak Reference
    _terminate_user_alloc                     - Undefined Weak Reference
    _terminateio                              - Undefined Weak Reference
    __Vectors_Size                           0x00000130   Number         0  startup_gd32f30x_hd.o ABSOLUTE
    __Vectors                                0x08000000   Data           4  startup_gd32f30x_hd.o(RESET)
    __Vectors_End                            0x08000130   Data           0  startup_gd32f30x_hd.o(RESET)
    __main                                   0x08000131   Thumb Code     8  __main.o(!!!main)
    __scatterload                            0x08000139   Thumb Code     0  __scatter.o(!!!scatter)
    __scatterload_rt2                        0x08000139   Thumb Code    84  __scatter.o(!!!scatter)
    __scatterload_rt2_thumb_only             0x08000139   Thumb Code     0  __scatter.o(!!!scatter)
    __scatterload_loop                       0x08000143   Thumb Code     0  __scatter.o(!!!scatter)
    __scatterload_null                       0x08000195   Thumb Code     2  __scatter.o(!!handler_null)
    __scatterload_zeroinit                   0x08000199   Thumb Code    28  __scatter_zi.o(!!handler_zi)
    __rt_lib_init                            0x080001b5   Thumb Code     0  libinit.o(.ARM.Collect$$libinit$$00000000)
    __rt_lib_init_fp_1                       0x080001b7   Thumb Code     0  libinit2.o(.ARM.Collect$$libinit$$00000001)
    __rt_lib_init_alloca_1                   0x080001bb   Thumb Code     0  libinit2.o(.ARM.Collect$$libinit$$00000030)
    __rt_lib_init_argv_1                     0x080001bb   Thumb Code     0  libinit2.o(.ARM.Collect$$libinit$$0000002E)
    __rt_lib_init_atexit_1                   0x080001bb   Thumb Code     0  libinit2.o(.ARM.Collect$$libinit$$0000001D)
    __rt_lib_init_clock_1                    0x080001bb   Thumb Code     0  libinit2.o(.ARM.Collect$$libinit$$00000023)
    __rt_lib_init_cpp_1                      0x080001bb   Thumb Code     0  libinit2.o(.ARM.Collect$$libinit$$00000034)
    __rt_lib_init_exceptions_1               0x080001bb   Thumb Code     0  libinit2.o(.ARM.Collect$$libinit$$00000032)
    __rt_lib_init_fp_trap_1                  0x080001bb   Thumb Code     0  libinit2.o(.ARM.Collect$$libinit$$00000021)
    __rt_lib_init_getenv_1                   0x080001bb   Thumb Code     0  libinit2.o(.ARM.Collect$$libinit$$00000025)
    __rt_lib_init_heap_1                     0x080001bb   Thumb Code     0  libinit2.o(.ARM.Collect$$libinit$$0000000C)
    __rt_lib_init_lc_collate_1               0x080001bb   Thumb Code     0  libinit2.o(.ARM.Collect$$libinit$$00000013)
    __rt_lib_init_lc_ctype_1                 0x080001bb   Thumb Code     0  libinit2.o(.ARM.Collect$$libinit$$00000015)
    __rt_lib_init_lc_monetary_1              0x080001bb   Thumb Code     0  libinit2.o(.ARM.Collect$$libinit$$00000017)
    __rt_lib_init_lc_numeric_1               0x080001bb   Thumb Code     0  libinit2.o(.ARM.Collect$$libinit$$00000019)
    __rt_lib_init_lc_time_1                  0x080001bb   Thumb Code     0  libinit2.o(.ARM.Collect$$libinit$$0000001B)
    __rt_lib_init_preinit_1                  0x080001bb   Thumb Code     0  libinit2.o(.ARM.Collect$$libinit$$00000006)
    __rt_lib_init_rand_1                     0x080001bb   Thumb Code     0  libinit2.o(.ARM.Collect$$libinit$$00000010)
    __rt_lib_init_relocate_pie_1             0x080001bb   Thumb Code     0  libinit2.o(.ARM.Collect$$libinit$$00000004)
    __rt_lib_init_return                     0x080001bb   Thumb Code     0  libinit2.o(.ARM.Collect$$libinit$$00000035)
    __rt_lib_init_signal_1                   0x080001bb   Thumb Code     0  libinit2.o(.ARM.Collect$$libinit$$0000001F)
    __rt_lib_init_stdio_1                    0x080001bb   Thumb Code     0  libinit2.o(.ARM.Collect$$libinit$$00000027)
    __rt_lib_init_user_alloc_1               0x080001bb   Thumb Code     0  libinit2.o(.ARM.Collect$$libinit$$0000000E)
    __rt_lib_shutdown                        0x080001bd   Thumb Code     0  libshutdown.o(.ARM.Collect$$libshutdown$$00000000)
    __rt_lib_shutdown_cpp_1                  0x080001bf   Thumb Code     0  libshutdown2.o(.ARM.Collect$$libshutdown$$00000002)
    __rt_lib_shutdown_fp_trap_1              0x080001bf   Thumb Code     0  libshutdown2.o(.ARM.Collect$$libshutdown$$00000007)
    __rt_lib_shutdown_heap_1                 0x080001bf   Thumb Code     0  libshutdown2.o(.ARM.Collect$$libshutdown$$0000000F)
    __rt_lib_shutdown_return                 0x080001bf   Thumb Code     0  libshutdown2.o(.ARM.Collect$$libshutdown$$00000010)
    __rt_lib_shutdown_signal_1               0x080001bf   Thumb Code     0  libshutdown2.o(.ARM.Collect$$libshutdown$$0000000A)
    __rt_lib_shutdown_stdio_1                0x080001bf   Thumb Code     0  libshutdown2.o(.ARM.Collect$$libshutdown$$00000004)
    __rt_lib_shutdown_user_alloc_1           0x080001bf   Thumb Code     0  libshutdown2.o(.ARM.Collect$$libshutdown$$0000000C)
    __rt_entry                               0x080001c1   Thumb Code     0  __rtentry.o(.ARM.Collect$$rtentry$$00000000)
    __rt_entry_presh_1                       0x080001c1   Thumb Code     0  __rtentry2.o(.ARM.Collect$$rtentry$$00000002)
    __rt_entry_sh                            0x080001c1   Thumb Code     0  __rtentry4.o(.ARM.Collect$$rtentry$$00000004)
    __rt_entry_li                            0x080001c7   Thumb Code     0  __rtentry2.o(.ARM.Collect$$rtentry$$0000000A)
    __rt_entry_postsh_1                      0x080001c7   Thumb Code     0  __rtentry2.o(.ARM.Collect$$rtentry$$00000009)
    __rt_entry_main                          0x080001cb   Thumb Code     0  __rtentry2.o(.ARM.Collect$$rtentry$$0000000D)
    __rt_entry_postli_1                      0x080001cb   Thumb Code     0  __rtentry2.o(.ARM.Collect$$rtentry$$0000000C)
    __rt_exit                                0x080001d3   Thumb Code     0  rtexit.o(.ARM.Collect$$rtexit$$00000000)
    __rt_exit_ls                             0x080001d5   Thumb Code     0  rtexit2.o(.ARM.Collect$$rtexit$$00000003)
    __rt_exit_prels_1                        0x080001d5   Thumb Code     0  rtexit2.o(.ARM.Collect$$rtexit$$00000002)
    __rt_exit_exit                           0x080001d9   Thumb Code     0  rtexit2.o(.ARM.Collect$$rtexit$$00000004)
    Reset_Handler                            0x080001e1   Thumb Code     8  startup_gd32f30x_hd.o(.text)
    ADC0_1_IRQHandler                        0x080001fb   Thumb Code     0  startup_gd32f30x_hd.o(.text)
    ADC2_IRQHandler                          0x080001fb   Thumb Code     0  startup_gd32f30x_hd.o(.text)
    CAN0_EWMC_IRQHandler                     0x080001fb   Thumb Code     0  startup_gd32f30x_hd.o(.text)
    CAN0_RX1_IRQHandler                      0x080001fb   Thumb Code     0  startup_gd32f30x_hd.o(.text)
    DMA0_Channel0_IRQHandler                 0x080001fb   Thumb Code     0  startup_gd32f30x_hd.o(.text)
    DMA0_Channel1_IRQHandler                 0x080001fb   Thumb Code     0  startup_gd32f30x_hd.o(.text)
    DMA0_Channel2_IRQHandler                 0x080001fb   Thumb Code     0  startup_gd32f30x_hd.o(.text)
    DMA0_Channel3_IRQHandler                 0x080001fb   Thumb Code     0  startup_gd32f30x_hd.o(.text)
    DMA0_Channel4_IRQHandler                 0x080001fb   Thumb Code     0  startup_gd32f30x_hd.o(.text)
    DMA0_Channel5_IRQHandler                 0x080001fb   Thumb Code     0  startup_gd32f30x_hd.o(.text)
    DMA0_Channel6_IRQHandler                 0x080001fb   Thumb Code     0  startup_gd32f30x_hd.o(.text)
    DMA1_Channel0_IRQHandler                 0x080001fb   Thumb Code     0  startup_gd32f30x_hd.o(.text)
    DMA1_Channel1_IRQHandler                 0x080001fb   Thumb Code     0  startup_gd32f30x_hd.o(.text)
    DMA1_Channel2_IRQHandler                 0x080001fb   Thumb Code     0  startup_gd32f30x_hd.o(.text)
    DMA1_Channel3_4_IRQHandler               0x080001fb   Thumb Code     0  startup_gd32f30x_hd.o(.text)
    EXMC_IRQHandler                          0x080001fb   Thumb Code     0  startup_gd32f30x_hd.o(.text)
    EXTI0_IRQHandler                         0x080001fb   Thumb Code     0  startup_gd32f30x_hd.o(.text)
    EXTI10_15_IRQHandler                     0x080001fb   Thumb Code     0  startup_gd32f30x_hd.o(.text)
    EXTI1_IRQHandler                         0x080001fb   Thumb Code     0  startup_gd32f30x_hd.o(.text)
    EXTI2_IRQHandler                         0x080001fb   Thumb Code     0  startup_gd32f30x_hd.o(.text)
    EXTI3_IRQHandler                         0x080001fb   Thumb Code     0  startup_gd32f30x_hd.o(.text)
    EXTI4_IRQHandler                         0x080001fb   Thumb Code     0  startup_gd32f30x_hd.o(.text)
    EXTI5_9_IRQHandler                       0x080001fb   Thumb Code     0  startup_gd32f30x_hd.o(.text)
    FMC_IRQHandler                           0x080001fb   Thumb Code     0  startup_gd32f30x_hd.o(.text)
    I2C0_ER_IRQHandler                       0x080001fb   Thumb Code     0  startup_gd32f30x_hd.o(.text)
    I2C0_EV_IRQHandler                       0x080001fb   Thumb Code     0  startup_gd32f30x_hd.o(.text)
    I2C1_ER_IRQHandler                       0x080001fb   Thumb Code     0  startup_gd32f30x_hd.o(.text)
    I2C1_EV_IRQHandler                       0x080001fb   Thumb Code     0  startup_gd32f30x_hd.o(.text)
    LVD_IRQHandler                           0x080001fb   Thumb Code     0  startup_gd32f30x_hd.o(.text)
    RCU_CTC_IRQHandler                       0x080001fb   Thumb Code     0  startup_gd32f30x_hd.o(.text)
    RTC_Alarm_IRQHandler                     0x080001fb   Thumb Code     0  startup_gd32f30x_hd.o(.text)
    RTC_IRQHandler                           0x080001fb   Thumb Code     0  startup_gd32f30x_hd.o(.text)
    SDIO_IRQHandler                          0x080001fb   Thumb Code     0  startup_gd32f30x_hd.o(.text)
    SPI0_IRQHandler                          0x080001fb   Thumb Code     0  startup_gd32f30x_hd.o(.text)
    SPI1_IRQHandler                          0x080001fb   Thumb Code     0  startup_gd32f30x_hd.o(.text)
    SPI2_IRQHandler                          0x080001fb   Thumb Code     0  startup_gd32f30x_hd.o(.text)
    TAMPER_IRQHandler                        0x080001fb   Thumb Code     0  startup_gd32f30x_hd.o(.text)
    TIMER0_BRK_IRQHandler                    0x080001fb   Thumb Code     0  startup_gd32f30x_hd.o(.text)
    TIMER0_Channel_IRQHandler                0x080001fb   Thumb Code     0  startup_gd32f30x_hd.o(.text)
    TIMER0_TRG_CMT_IRQHandler                0x080001fb   Thumb Code     0  startup_gd32f30x_hd.o(.text)
    TIMER0_UP_IRQHandler                     0x080001fb   Thumb Code     0  startup_gd32f30x_hd.o(.text)
    TIMER1_IRQHandler                        0x080001fb   Thumb Code     0  startup_gd32f30x_hd.o(.text)
    TIMER2_IRQHandler                        0x080001fb   Thumb Code     0  startup_gd32f30x_hd.o(.text)
    TIMER3_IRQHandler                        0x080001fb   Thumb Code     0  startup_gd32f30x_hd.o(.text)
    TIMER4_IRQHandler                        0x080001fb   Thumb Code     0  startup_gd32f30x_hd.o(.text)
    TIMER5_IRQHandler                        0x080001fb   Thumb Code     0  startup_gd32f30x_hd.o(.text)
    TIMER6_IRQHandler                        0x080001fb   Thumb Code     0  startup_gd32f30x_hd.o(.text)
    TIMER7_BRK_IRQHandler                    0x080001fb   Thumb Code     0  startup_gd32f30x_hd.o(.text)
    TIMER7_Channel_IRQHandler                0x080001fb   Thumb Code     0  startup_gd32f30x_hd.o(.text)
    TIMER7_TRG_CMT_IRQHandler                0x080001fb   Thumb Code     0  startup_gd32f30x_hd.o(.text)
    TIMER7_UP_IRQHandler                     0x080001fb   Thumb Code     0  startup_gd32f30x_hd.o(.text)
    UART3_IRQHandler                         0x080001fb   Thumb Code     0  startup_gd32f30x_hd.o(.text)
    UART4_IRQHandler                         0x080001fb   Thumb Code     0  startup_gd32f30x_hd.o(.text)
    USART0_IRQHandler                        0x080001fb   Thumb Code     0  startup_gd32f30x_hd.o(.text)
    USART1_IRQHandler                        0x080001fb   Thumb Code     0  startup_gd32f30x_hd.o(.text)
    USART2_IRQHandler                        0x080001fb   Thumb Code     0  startup_gd32f30x_hd.o(.text)
    USBD_HP_CAN0_TX_IRQHandler               0x080001fb   Thumb Code     0  startup_gd32f30x_hd.o(.text)
    USBD_LP_CAN0_RX0_IRQHandler              0x080001fb   Thumb Code     0  startup_gd32f30x_hd.o(.text)
    USBD_WKUP_IRQHandler                     0x080001fb   Thumb Code     0  startup_gd32f30x_hd.o(.text)
    WWDGT_IRQHandler                         0x080001fb   Thumb Code     0  startup_gd32f30x_hd.o(.text)
    __user_initial_stackheap                 0x080001fd   Thumb Code    10  startup_gd32f30x_hd.o(.text)
    __use_two_region_memory                  0x08000221   Thumb Code     2  heapauxi.o(.text)
    __rt_heap_escrow$2region                 0x08000223   Thumb Code     2  heapauxi.o(.text)
    __rt_heap_expand$2region                 0x08000225   Thumb Code     2  heapauxi.o(.text)
    __user_setup_stackheap                   0x08000227   Thumb Code    74  sys_stackheap_outer.o(.text)
    exit                                     0x08000271   Thumb Code    18  exit.o(.text)
    __user_libspace                          0x08000285   Thumb Code     8  libspace.o(.text)
    __user_perproc_libspace                  0x08000285   Thumb Code     0  libspace.o(.text)
    __user_perthread_libspace                0x08000285   Thumb Code     0  libspace.o(.text)
    _sys_exit                                0x0800028d   Thumb Code     8  sys_exit.o(.text)
    __I$use$semihosting                      0x08000299   Thumb Code     0  use_no_semi.o(.text)
    __use_no_semihosting_swi                 0x08000299   Thumb Code     2  use_no_semi.o(.text)
    __semihosting_library_function           0x0800029b   Thumb Code     0  indicate_semi.o(.text)
    BusFault_Handler                         0x0800029d   Thumb Code     2  gd32f30x_it.o(.text.BusFault_Handler)
    DebugMon_Handler                         0x080002a1   Thumb Code     2  gd32f30x_it.o(.text.DebugMon_Handler)
    HardFault_Handler                        0x080002a5   Thumb Code     2  gd32f30x_it.o(.text.HardFault_Handler)
    MemManage_Handler                        0x080002a9   Thumb Code     2  gd32f30x_it.o(.text.MemManage_Handler)
    NMI_Handler                              0x080002ad   Thumb Code     2  gd32f30x_it.o(.text.NMI_Handler)
    PendSV_Handler                           0x080002b1   Thumb Code     2  gd32f30x_it.o(.text.PendSV_Handler)
    SVC_Handler                              0x080002b5   Thumb Code     2  gd32f30x_it.o(.text.SVC_Handler)
    SysTick_Handler                          0x080002b9   Thumb Code     4  gd32f30x_it.o(.text.SysTick_Handler)
    SystemInit                               0x080002bd   Thumb Code   620  system_gd32f30x.o(.text.SystemInit)
    UsageFault_Handler                       0x08000529   Thumb Code     2  gd32f30x_it.o(.text.UsageFault_Handler)
    delay_decrement                          0x0800052d   Thumb Code    24  systick.o(.text.delay_decrement)
    gpio_bit_reset                           0x080005f5   Thumb Code     4  gd32f30x_gpio.o(.text.gpio_bit_reset)
    gpio_bit_set                             0x080005f9   Thumb Code     4  gd32f30x_gpio.o(.text.gpio_bit_set)
    gpio_init                                0x080005fd   Thumb Code   182  gd32f30x_gpio.o(.text.gpio_init)
    main                                     0x080007ad   Thumb Code  1556  main.o(.text.main)
    rcu_clock_freq_get                       0x08000e2d   Thumb Code   192  gd32f30x_rcu.o(.text.rcu_clock_freq_get)
    rcu_periph_clock_enable                  0x08000efd   Thumb Code    30  gd32f30x_rcu.o(.text.rcu_periph_clock_enable)
    rcu_periph_reset_disable                 0x08000f1d   Thumb Code    32  gd32f30x_rcu.o(.text.rcu_periph_reset_disable)
    rcu_periph_reset_enable                  0x08000f3d   Thumb Code    30  gd32f30x_rcu.o(.text.rcu_periph_reset_enable)
    spi_enable                               0x08000f5d   Thumb Code    10  gd32f30x_spi.o(.text.spi_enable)
    spi_i2s_data_transmit                    0x08000f69   Thumb Code     4  gd32f30x_spi.o(.text.spi_i2s_data_transmit)
    spi_i2s_flag_get                         0x08000f6d   Thumb Code    10  gd32f30x_spi.o(.text.spi_i2s_flag_get)
    spi_init                                 0x08000f79   Thumb Code    52  gd32f30x_spi.o(.text.spi_init)
    spi_struct_para_init                     0x08000fad   Thumb Code    18  gd32f30x_spi.o(.text.spi_struct_para_init)
    usart_baudrate_set                       0x08000fc1   Thumb Code   106  gd32f30x_usart.o(.text.usart_baudrate_set)
    usart_data_transmit                      0x0800102d   Thumb Code     8  gd32f30x_usart.o(.text.usart_data_transmit)
    usart_deinit                             0x08001035   Thumb Code   122  gd32f30x_usart.o(.text.usart_deinit)
    usart_enable                             0x080010b1   Thumb Code    10  gd32f30x_usart.o(.text.usart_enable)
    usart_flag_get                           0x080010bd   Thumb Code    16  gd32f30x_usart.o(.text.usart_flag_get)
    usart_parity_config                      0x080010cd   Thumb Code    16  gd32f30x_usart.o(.text.usart_parity_config)
    usart_receive_config                     0x080010dd   Thumb Code    20  gd32f30x_usart.o(.text.usart_receive_config)
    usart_stop_bit_set                       0x080010f1   Thumb Code    16  gd32f30x_usart.o(.text.usart_stop_bit_set)
    usart_transmit_config                    0x08001101   Thumb Code    20  gd32f30x_usart.o(.text.usart_transmit_config)
    usart_word_length_set                    0x08001115   Thumb Code    16  gd32f30x_usart.o(.text.usart_word_length_set)
    _fp_init                                 0x08001125   Thumb Code    26  fpinit.o(x$fpl$fpinit)
    __fplib_config_fpu_vfp                   0x0800113d   Thumb Code     0  fpinit.o(x$fpl$fpinit)
    __fplib_config_pureend_doubles           0x0800113d   Thumb Code     0  fpinit.o(x$fpl$fpinit)
    Region$$Table$$Base                      0x0800122c   Number         0  anon$$obj.o(Region$$Table)
    Region$$Table$$Limit                     0x0800123c   Number         0  anon$$obj.o(Region$$Table)
    __libspace_start                         0x20000000   Data          96  libspace.o(.bss)
    __temporary_stack_top$libspace           0x20000060   Data           0  libspace.o(.bss)



==============================================================================

Memory Map of the image

  Image Entry point : 0x08000131

  Load Region LR_IROM1 (Base: 0x08000000, Size: 0x0000123c, Max: 0x00080000, ABSOLUTE)

    Execution Region ER_IROM1 (Exec base: 0x08000000, Load base: 0x08000000, Size: 0x0000123c, Max: 0x00080000, ABSOLUTE)

    Exec Addr    Load Addr    Size         Type   Attr      Idx    E Section Name        Object

    0x08000000   0x08000000   0x00000130   Data   RO         1462    RESET               startup_gd32f30x_hd.o
    0x08000130   0x08000130   0x00000008   Code   RO         1501  * !!!main             c_w.l(__main.o)
    0x08000138   0x08000138   0x0000005c   Code   RO         1666    !!!scatter          c_w.l(__scatter.o)
    0x08000194   0x08000194   0x00000002   Code   RO         1667    !!handler_null      c_w.l(__scatter.o)
    0x08000196   0x08000196   0x00000002   PAD
    0x08000198   0x08000198   0x0000001c   Code   RO         1670    !!handler_zi        c_w.l(__scatter_zi.o)
    0x080001b4   0x080001b4   0x00000002   Code   RO         1528    .ARM.Collect$$libinit$$00000000  c_w.l(libinit.o)
    0x080001b6   0x080001b6   0x00000004   Code   RO         1534    .ARM.Collect$$libinit$$00000001  c_w.l(libinit2.o)
    0x080001ba   0x080001ba   0x00000000   Code   RO         1537    .ARM.Collect$$libinit$$00000004  c_w.l(libinit2.o)
    0x080001ba   0x080001ba   0x00000000   Code   RO         1539    .ARM.Collect$$libinit$$00000006  c_w.l(libinit2.o)
    0x080001ba   0x080001ba   0x00000000   Code   RO         1542    .ARM.Collect$$libinit$$0000000C  c_w.l(libinit2.o)
    0x080001ba   0x080001ba   0x00000000   Code   RO         1544    .ARM.Collect$$libinit$$0000000E  c_w.l(libinit2.o)
    0x080001ba   0x080001ba   0x00000000   Code   RO         1546    .ARM.Collect$$libinit$$00000010  c_w.l(libinit2.o)
    0x080001ba   0x080001ba   0x00000000   Code   RO         1549    .ARM.Collect$$libinit$$00000013  c_w.l(libinit2.o)
    0x080001ba   0x080001ba   0x00000000   Code   RO         1551    .ARM.Collect$$libinit$$00000015  c_w.l(libinit2.o)
    0x080001ba   0x080001ba   0x00000000   Code   RO         1553    .ARM.Collect$$libinit$$00000017  c_w.l(libinit2.o)
    0x080001ba   0x080001ba   0x00000000   Code   RO         1555    .ARM.Collect$$libinit$$00000019  c_w.l(libinit2.o)
    0x080001ba   0x080001ba   0x00000000   Code   RO         1557    .ARM.Collect$$libinit$$0000001B  c_w.l(libinit2.o)
    0x080001ba   0x080001ba   0x00000000   Code   RO         1559    .ARM.Collect$$libinit$$0000001D  c_w.l(libinit2.o)
    0x080001ba   0x080001ba   0x00000000   Code   RO         1561    .ARM.Collect$$libinit$$0000001F  c_w.l(libinit2.o)
    0x080001ba   0x080001ba   0x00000000   Code   RO         1563    .ARM.Collect$$libinit$$00000021  c_w.l(libinit2.o)
    0x080001ba   0x080001ba   0x00000000   Code   RO         1565    .ARM.Collect$$libinit$$00000023  c_w.l(libinit2.o)
    0x080001ba   0x080001ba   0x00000000   Code   RO         1567    .ARM.Collect$$libinit$$00000025  c_w.l(libinit2.o)
    0x080001ba   0x080001ba   0x00000000   Code   RO         1569    .ARM.Collect$$libinit$$00000027  c_w.l(libinit2.o)
    0x080001ba   0x080001ba   0x00000000   Code   RO         1573    .ARM.Collect$$libinit$$0000002E  c_w.l(libinit2.o)
    0x080001ba   0x080001ba   0x00000000   Code   RO         1575    .ARM.Collect$$libinit$$00000030  c_w.l(libinit2.o)
    0x080001ba   0x080001ba   0x00000000   Code   RO         1577    .ARM.Collect$$libinit$$00000032  c_w.l(libinit2.o)
    0x080001ba   0x080001ba   0x00000000   Code   RO         1579    .ARM.Collect$$libinit$$00000034  c_w.l(libinit2.o)
    0x080001ba   0x080001ba   0x00000002   Code   RO         1580    .ARM.Collect$$libinit$$00000035  c_w.l(libinit2.o)
    0x080001bc   0x080001bc   0x00000002   Code   RO         1602    .ARM.Collect$$libshutdown$$00000000  c_w.l(libshutdown.o)
    0x080001be   0x080001be   0x00000000   Code   RO         1617    .ARM.Collect$$libshutdown$$00000002  c_w.l(libshutdown2.o)
    0x080001be   0x080001be   0x00000000   Code   RO         1619    .ARM.Collect$$libshutdown$$00000004  c_w.l(libshutdown2.o)
    0x080001be   0x080001be   0x00000000   Code   RO         1622    .ARM.Collect$$libshutdown$$00000007  c_w.l(libshutdown2.o)
    0x080001be   0x080001be   0x00000000   Code   RO         1625    .ARM.Collect$$libshutdown$$0000000A  c_w.l(libshutdown2.o)
    0x080001be   0x080001be   0x00000000   Code   RO         1627    .ARM.Collect$$libshutdown$$0000000C  c_w.l(libshutdown2.o)
    0x080001be   0x080001be   0x00000000   Code   RO         1630    .ARM.Collect$$libshutdown$$0000000F  c_w.l(libshutdown2.o)
    0x080001be   0x080001be   0x00000002   Code   RO         1631    .ARM.Collect$$libshutdown$$00000010  c_w.l(libshutdown2.o)
    0x080001c0   0x080001c0   0x00000000   Code   RO         1503    .ARM.Collect$$rtentry$$00000000  c_w.l(__rtentry.o)
    0x080001c0   0x080001c0   0x00000000   Code   RO         1505    .ARM.Collect$$rtentry$$00000002  c_w.l(__rtentry2.o)
    0x080001c0   0x080001c0   0x00000006   Code   RO         1517    .ARM.Collect$$rtentry$$00000004  c_w.l(__rtentry4.o)
    0x080001c6   0x080001c6   0x00000000   Code   RO         1507    .ARM.Collect$$rtentry$$00000009  c_w.l(__rtentry2.o)
    0x080001c6   0x080001c6   0x00000004   Code   RO         1508    .ARM.Collect$$rtentry$$0000000A  c_w.l(__rtentry2.o)
    0x080001ca   0x080001ca   0x00000000   Code   RO         1510    .ARM.Collect$$rtentry$$0000000C  c_w.l(__rtentry2.o)
    0x080001ca   0x080001ca   0x00000008   Code   RO         1511    .ARM.Collect$$rtentry$$0000000D  c_w.l(__rtentry2.o)
    0x080001d2   0x080001d2   0x00000002   Code   RO         1532    .ARM.Collect$$rtexit$$00000000  c_w.l(rtexit.o)
    0x080001d4   0x080001d4   0x00000000   Code   RO         1582    .ARM.Collect$$rtexit$$00000002  c_w.l(rtexit2.o)
    0x080001d4   0x080001d4   0x00000004   Code   RO         1583    .ARM.Collect$$rtexit$$00000003  c_w.l(rtexit2.o)
    0x080001d8   0x080001d8   0x00000006   Code   RO         1584    .ARM.Collect$$rtexit$$00000004  c_w.l(rtexit2.o)
    0x080001de   0x080001de   0x00000002   PAD
    0x080001e0   0x080001e0   0x00000040   Code   RO         1463    .text               startup_gd32f30x_hd.o
    0x08000220   0x08000220   0x00000006   Code   RO         1499    .text               c_w.l(heapauxi.o)
    0x08000226   0x08000226   0x0000004a   Code   RO         1519    .text               c_w.l(sys_stackheap_outer.o)
    0x08000270   0x08000270   0x00000012   Code   RO         1521    .text               c_w.l(exit.o)
    0x08000282   0x08000282   0x00000002   PAD
    0x08000284   0x08000284   0x00000008   Code   RO         1529    .text               c_w.l(libspace.o)
    0x0800028c   0x0800028c   0x0000000c   Code   RO         1592    .text               c_w.l(sys_exit.o)
    0x08000298   0x08000298   0x00000002   Code   RO         1607    .text               c_w.l(use_no_semi.o)
    0x0800029a   0x0800029a   0x00000000   Code   RO         1609    .text               c_w.l(indicate_semi.o)
    0x0800029a   0x0800029a   0x00000002   PAD
    0x0800029c   0x0800029c   0x00000002   Code   RO            8    .text.BusFault_Handler  gd32f30x_it.o
    0x0800029e   0x0800029e   0x00000002   PAD
    0x080002a0   0x080002a0   0x00000002   Code   RO           14    .text.DebugMon_Handler  gd32f30x_it.o
    0x080002a2   0x080002a2   0x00000002   PAD
    0x080002a4   0x080002a4   0x00000002   Code   RO            4    .text.HardFault_Handler  gd32f30x_it.o
    0x080002a6   0x080002a6   0x00000002   PAD
    0x080002a8   0x080002a8   0x00000002   Code   RO            6    .text.MemManage_Handler  gd32f30x_it.o
    0x080002aa   0x080002aa   0x00000002   PAD
    0x080002ac   0x080002ac   0x00000002   Code   RO            2    .text.NMI_Handler   gd32f30x_it.o
    0x080002ae   0x080002ae   0x00000002   PAD
    0x080002b0   0x080002b0   0x00000002   Code   RO           16    .text.PendSV_Handler  gd32f30x_it.o
    0x080002b2   0x080002b2   0x00000002   PAD
    0x080002b4   0x080002b4   0x00000002   Code   RO           12    .text.SVC_Handler   gd32f30x_it.o
    0x080002b6   0x080002b6   0x00000002   PAD
    0x080002b8   0x080002b8   0x00000004   Code   RO           18    .text.SysTick_Handler  gd32f30x_it.o
    0x080002bc   0x080002bc   0x0000026c   Code   RO           62    .text.SystemInit    system_gd32f30x.o
    0x08000528   0x08000528   0x00000002   Code   RO           10    .text.UsageFault_Handler  gd32f30x_it.o
    0x0800052a   0x0800052a   0x00000002   PAD
    0x0800052c   0x0800052c   0x00000018   Code   RO           51    .text.delay_decrement  systick.o
    0x08000544   0x08000544   0x000000ae   Code   RO           29    .text.fill_screen   main.o
    0x080005f2   0x080005f2   0x00000002   PAD
    0x080005f4   0x080005f4   0x00000004   Code   RO          674    .text.gpio_bit_reset  gd32f30x_gpio.o
    0x080005f8   0x080005f8   0x00000004   Code   RO          672    .text.gpio_bit_set  gd32f30x_gpio.o
    0x080005fc   0x080005fc   0x000000b6   Code   RO          670    .text.gpio_init     gd32f30x_gpio.o
    0x080006b2   0x080006b2   0x00000002   PAD
    0x080006b4   0x080006b4   0x0000004c   Code   RO           31    .text.lcd_cmd       main.o
    0x08000700   0x08000700   0x0000004c   Code   RO           35    .text.lcd_data1     main.o
    0x0800074c   0x0800074c   0x00000060   Code   RO           33    .text.lcd_dataN     main.o
    0x080007ac   0x080007ac   0x00000680   Code   RO           27    .text.main          main.o
    0x08000e2c   0x08000e2c   0x000000d0   Code   RO          936    .text.rcu_clock_freq_get  gd32f30x_rcu.o
    0x08000efc   0x08000efc   0x0000001e   Code   RO          874    .text.rcu_periph_clock_enable  gd32f30x_rcu.o
    0x08000f1a   0x08000f1a   0x00000002   PAD
    0x08000f1c   0x08000f1c   0x00000020   Code   RO          884    .text.rcu_periph_reset_disable  gd32f30x_rcu.o
    0x08000f3c   0x08000f3c   0x0000001e   Code   RO          882    .text.rcu_periph_reset_enable  gd32f30x_rcu.o
    0x08000f5a   0x08000f5a   0x00000002   PAD
    0x08000f5c   0x08000f5c   0x0000000a   Code   RO         1097    .text.spi_enable    gd32f30x_spi.o
    0x08000f66   0x08000f66   0x00000002   PAD
    0x08000f68   0x08000f68   0x00000004   Code   RO         1123    .text.spi_i2s_data_transmit  gd32f30x_spi.o
    0x08000f6c   0x08000f6c   0x0000000a   Code   RO         1171    .text.spi_i2s_flag_get  gd32f30x_spi.o
    0x08000f76   0x08000f76   0x00000002   PAD
    0x08000f78   0x08000f78   0x00000034   Code   RO         1095    .text.spi_init      gd32f30x_spi.o
    0x08000fac   0x08000fac   0x00000012   Code   RO         1093    .text.spi_struct_para_init  gd32f30x_spi.o
    0x08000fbe   0x08000fbe   0x00000002   PAD
    0x08000fc0   0x08000fc0   0x0000006a   Code   RO         1333    .text.usart_baudrate_set  gd32f30x_usart.o
    0x0800102a   0x0800102a   0x00000002   PAD
    0x0800102c   0x0800102c   0x00000008   Code   RO         1359    .text.usart_data_transmit  gd32f30x_usart.o
    0x08001034   0x08001034   0x0000007a   Code   RO         1331    .text.usart_deinit  gd32f30x_usart.o
    0x080010ae   0x080010ae   0x00000002   PAD
    0x080010b0   0x080010b0   0x0000000a   Code   RO         1341    .text.usart_enable  gd32f30x_usart.o
    0x080010ba   0x080010ba   0x00000002   PAD
    0x080010bc   0x080010bc   0x00000010   Code   RO         1419    .text.usart_flag_get  gd32f30x_usart.o
    0x080010cc   0x080010cc   0x00000010   Code   RO         1335    .text.usart_parity_config  gd32f30x_usart.o
    0x080010dc   0x080010dc   0x00000014   Code   RO         1347    .text.usart_receive_config  gd32f30x_usart.o
    0x080010f0   0x080010f0   0x00000010   Code   RO         1339    .text.usart_stop_bit_set  gd32f30x_usart.o
    0x08001100   0x08001100   0x00000014   Code   RO         1345    .text.usart_transmit_config  gd32f30x_usart.o
    0x08001114   0x08001114   0x00000010   Code   RO         1337    .text.usart_word_length_set  gd32f30x_usart.o
    0x08001124   0x08001124   0x0000001a   Code   RO         1590    x$fpl$fpinit        fz_wm.l(fpinit.o)
    0x0800113e   0x0800113e   0x00000008   Data   RO          948    .rodata.cst8        gd32f30x_rcu.o
    0x08001146   0x08001146   0x000000e3   Data   RO           37    .rodata.str1.1      main.o
    0x08001229   0x08001229   0x00000003   PAD
    0x0800122c   0x0800122c   0x00000010   Data   RO         1665    Region$$Table       anon$$obj.o


    Execution Region RW_IRAM1 (Exec base: 0x20000000, Load base: 0x0800123c, Size: 0x00000868, Max: 0x00010000, ABSOLUTE)

    Exec Addr    Load Addr    Size         Type   Attr      Idx    E Section Name        Object

    0x20000000        -       0x00000060   Zero   RW         1530    .bss                c_w.l(libspace.o)
    0x20000060        -       0x00000004   Zero   RW           53    .bss.delay          systick.o
    0x20000064   0x0800123c   0x00000004   PAD
    0x20000068        -       0x00000400   Zero   RW         1461    HEAP                startup_gd32f30x_hd.o
    0x20000468        -       0x00000400   Zero   RW         1460    STACK               startup_gd32f30x_hd.o


==============================================================================

Image component sizes


      Code (inc. data)   RO Data    RW Data    ZI Data      Debug   Object Name

       190          0          0          0          0       5983   gd32f30x_gpio.o
        20          0          0          0          0       1129   gd32f30x_it.o
       300         20          8          0          0      14932   gd32f30x_rcu.o
        94          0          0          0          0       8673   gd32f30x_spi.o
       350          0          0          0          0      11759   gd32f30x_usart.o
      2086        108        227          0          0       7575   main.o
        64         26        304          0       2048       1016   startup_gd32f30x_hd.o
       620          0          0          0          0       3119   system_gd32f30x.o
        24          0          0          0          4       3943   systick.o

    ----------------------------------------------------------------------
      3784        154        558          0       2056      58129   Object Totals
         0          0         16          0          0          0   (incl. Generated)
        36          0          3          0          4          0   (incl. Padding)

    ----------------------------------------------------------------------

      Code (inc. data)   RO Data    RW Data    ZI Data      Debug   Library Member Name

         8          0          0          0          0         68   __main.o
         0          0          0          0          0          0   __rtentry.o
        12          0          0          0          0          0   __rtentry2.o
         6          0          0          0          0          0   __rtentry4.o
        94          8          0          0          0          0   __scatter.o
        28          0          0          0          0          0   __scatter_zi.o
        18          0          0          0          0         80   exit.o
         6          0          0          0          0        152   heapauxi.o
         0          0          0          0          0          0   indicate_semi.o
         2          0          0          0          0          0   libinit.o
         6          0          0          0          0          0   libinit2.o
         2          0          0          0          0          0   libshutdown.o
         2          0          0          0          0          0   libshutdown2.o
         8          4          0          0         96         68   libspace.o
         2          0          0          0          0          0   rtexit.o
        10          0          0          0          0          0   rtexit2.o
        12          4          0          0          0         68   sys_exit.o
        74          0          0          0          0         80   sys_stackheap_outer.o
         2          0          0          0          0         68   use_no_semi.o
        26          0          0          0          0        116   fpinit.o

    ----------------------------------------------------------------------
       326         16          0          0         96        700   Library Totals
         8          0          0          0          0          0   (incl. Padding)

    ----------------------------------------------------------------------

      Code (inc. data)   RO Data    RW Data    ZI Data      Debug   Library Name

       292         16          0          0         96        584   c_w.l
        26          0          0          0          0        116   fz_wm.l

    ----------------------------------------------------------------------
       326         16          0          0         96        700   Library Totals

    ----------------------------------------------------------------------

==============================================================================


      Code (inc. data)   RO Data    RW Data    ZI Data      Debug   

      4110        170        558          0       2152      58533   Grand Totals
      4110        170        558          0       2152      58533   ELF Image Totals
      4110        170        558          0          0          0   ROM Totals

==============================================================================

    Total RO  Size (Code + RO Data)                 4668 (   4.56kB)
    Total RW  Size (RW Data + ZI Data)              2152 (   2.10kB)
    Total ROM Size (Code + RO Data + RW Data)       4668 (   4.56kB)

==============================================================================

