<html>
<body>
<pre>
<h1>µVision Build Log</h1>
<h2>Tool Versions:</h2>
IDE-Version: ¦ÌVision V5.43.1.0
Copyright (C) 2025 ARM Ltd and ARM Germany GmbH. All rights reserved.
License Information: 11 1, 1, LIC=65ISZ-J5ZR3-II35V-P3Z2W-V3YTT-6QM3K
 
Tool Versions:
Toolchain:       MDK-ARM Plus  Version: 5.43.0.0
Toolchain Path:  d:\Users\xuan\AppData\Local\Keil_v5\ARM\ARMCLANG\Bin
C Compiler:      ArmClang.exe V6.24
Assembler:       Armasm.exe V6.24
Linker/Locator:  ArmLink.exe V6.24
Library Manager: ArmAr.exe V6.24
Hex Converter:   FromElf.exe V6.24
CPU DLL:         SARMCM3.DLL V5.43.0.0
Dialog DLL:      DCM.DLL V1.17.5.0
Target DLL:      STLink\ST-LINKIII-KEIL_SWO.dll V3.3.1.0
Dialog DLL:      TCM.DLL V1.56.6.0
 
<h2>Project:</h2>
D:\Users\xuan\SourceCodes\mdk\GD32F30x_Firmware_Library_V3.0.3\Template\Keil5_project\Project.uvprojx
Project File Date:  07/21/2026

<h2>Output:</h2>
*** Using Compiler 'V6.24', folder: 'd:\Users\xuan\AppData\Local\Keil_v5\ARM\ARMCLANG\Bin'
Build target 'GD32F30X_HD'
compiling main.c...
linking...
Program Size: Code=177154 RO-data=48002 RW-data=144 ZI-data=22800  
FromELF: creating hex file...
".\output\Project.axf" - 0 Error(s), 0 Warning(s).

<h2>Software Packages used:</h2>

Package Vendor: ARM
                https://www.keil.com/pack/ARM.CMSIS.6.3.0.pack
                ARM::CMSIS@6.3.0
                CMSIS (Common Microcontroller Software Interface Standard)
   * Component: CORE Version: 6.2.0

Package Vendor: GigaDevice
                https://gd32mcu.com/data/documents/pack/GigaDevice.GD32F30x_DFP.2.6.0.pack
                GigaDevice::GD32F30x_DFP@2.6.0
                GigaDevice GD32F30x Series Device Support and Examples

<h2>Collection of Component include folders:</h2>
  ./RTE/_GD32F30X_HD
  D:/Users/xuan/AppData/Local/Arm/Packs/ARM/CMSIS/6.3.0/CMSIS/Core/Include
  D:/Users/xuan/AppData/Local/Arm/Packs/GigaDevice/GD32F30x_DFP/2.6.0/Device/Include

<h2>Collection of Component Files used:</h2>

   * Component: ARM::CMSIS:CORE@6.2.0
Build Time Elapsed:  00:00:06
</pre>
</body>
</html>
